Component: Arm Compiler for Embedded 6.24 Tool: armlink [5f371500]

==============================================================================

Section Cross References

    startup_stm32l476xx.o(STACK) refers (Special) to heapauxi.o(.text) for __use_two_region_memory
    startup_stm32l476xx.o(HEAP) refers (Special) to heapauxi.o(.text) for __use_two_region_memory
    startup_stm32l476xx.o(RESET) refers (Special) to heapauxi.o(.text) for __use_two_region_memory
    startup_stm32l476xx.o(RESET) refers to startup_stm32l476xx.o(STACK) for __initial_sp
    startup_stm32l476xx.o(RESET) refers to startup_stm32l476xx.o(.text) for Reset_Handler
    startup_stm32l476xx.o(RESET) refers to stm32l4xx_it.o(.text.NMI_Handler) for NMI_Handler
    startup_stm32l476xx.o(RESET) refers to stm32l4xx_it.o(.text.HardFault_Handler) for HardFault_Handler
    startup_stm32l476xx.o(RESET) refers to stm32l4xx_it.o(.text.MemManage_Handler) for MemManage_Handler
    startup_stm32l476xx.o(RESET) refers to stm32l4xx_it.o(.text.BusFault_Handler) for BusFault_Handler
    startup_stm32l476xx.o(RESET) refers to stm32l4xx_it.o(.text.UsageFault_Handler) for UsageFault_Handler
    startup_stm32l476xx.o(RESET) refers to port.o(.text.SVC_Handler) for SVC_Handler
    startup_stm32l476xx.o(RESET) refers to stm32l4xx_it.o(.text.DebugMon_Handler) for DebugMon_Handler
    startup_stm32l476xx.o(RESET) refers to port.o(.text.PendSV_Handler) for PendSV_Handler
    startup_stm32l476xx.o(RESET) refers to port.o(.text.SysTick_Handler) for SysTick_Handler
    startup_stm32l476xx.o(RESET) refers to stm32l4xx_it.o(.text.EXTI2_IRQHandler) for EXTI2_IRQHandler
    startup_stm32l476xx.o(RESET) refers to stm32l4xx_it.o(.text.USART2_IRQHandler) for USART2_IRQHandler
    startup_stm32l476xx.o(RESET) refers to stm32l4xx_it.o(.text.TIM6_DAC_IRQHandler) for TIM6_DAC_IRQHandler
    startup_stm32l476xx.o(.text) refers (Special) to heapauxi.o(.text) for __use_two_region_memory
    startup_stm32l476xx.o(.text) refers to system_stm32l4xx.o(.text.SystemInit) for SystemInit
    startup_stm32l476xx.o(.text) refers to __main.o(!!!main) for __main
    startup_stm32l476xx.o(.text) refers to startup_stm32l476xx.o(HEAP) for Heap_Mem
    startup_stm32l476xx.o(.text) refers to startup_stm32l476xx.o(STACK) for Stack_Mem
    main.o(.text.main) refers to stm32l4xx_hal.o(.text.HAL_Init) for HAL_Init
    main.o(.text.main) refers to rt_memclr_w.o(.text) for __aeabi_memclr4
    main.o(.text.main) refers to stm32l4xx_hal_pwr_ex.o(.text.HAL_PWREx_ControlVoltageScaling) for HAL_PWREx_ControlVoltageScaling
    main.o(.text.main) refers to stm32l4xx_hal_rcc.o(.text.HAL_RCC_OscConfig) for HAL_RCC_OscConfig
    main.o(.text.main) refers to stm32l4xx_hal_rcc.o(.text.HAL_RCC_ClockConfig) for HAL_RCC_ClockConfig
    main.o(.text.main) refers to stm32l4xx_hal_gpio.o(.text.HAL_GPIO_WritePin) for HAL_GPIO_WritePin
    main.o(.text.main) refers to stm32l4xx_hal_gpio.o(.text.HAL_GPIO_Init) for HAL_GPIO_Init
    main.o(.text.main) refers to stm32l4xx_hal_cortex.o(.text.HAL_NVIC_SetPriority) for HAL_NVIC_SetPriority
    main.o(.text.main) refers to stm32l4xx_hal_cortex.o(.text.HAL_NVIC_EnableIRQ) for HAL_NVIC_EnableIRQ
    main.o(.text.main) refers to main.o(.bss.hadc1) for hadc1
    main.o(.text.main) refers to stm32l4xx_hal_adc.o(.text.HAL_ADC_Init) for HAL_ADC_Init
    main.o(.text.main) refers to stm32l4xx_hal_adc_ex.o(.text.HAL_ADCEx_MultiModeConfigChannel) for HAL_ADCEx_MultiModeConfigChannel
    main.o(.text.main) refers to stm32l4xx_hal_adc.o(.text.HAL_ADC_ConfigChannel) for HAL_ADC_ConfigChannel
    main.o(.text.main) refers to main.o(.bss.hi2c1) for hi2c1
    main.o(.text.main) refers to stm32l4xx_hal_i2c.o(.text.HAL_I2C_Init) for HAL_I2C_Init
    main.o(.text.main) refers to stm32l4xx_hal_i2c_ex.o(.text.HAL_I2CEx_ConfigAnalogFilter) for HAL_I2CEx_ConfigAnalogFilter
    main.o(.text.main) refers to stm32l4xx_hal_i2c_ex.o(.text.HAL_I2CEx_ConfigDigitalFilter) for HAL_I2CEx_ConfigDigitalFilter
    main.o(.text.main) refers to main.o(.bss.htim2) for htim2
    main.o(.text.main) refers to stm32l4xx_hal_tim.o(.text.HAL_TIM_Base_Init) for HAL_TIM_Base_Init
    main.o(.text.main) refers to stm32l4xx_hal_tim.o(.text.HAL_TIM_ConfigClockSource) for HAL_TIM_ConfigClockSource
    main.o(.text.main) refers to stm32l4xx_hal_tim.o(.text.HAL_TIM_PWM_Init) for HAL_TIM_PWM_Init
    main.o(.text.main) refers to stm32l4xx_hal_tim_ex.o(.text.HAL_TIMEx_MasterConfigSynchronization) for HAL_TIMEx_MasterConfigSynchronization
    main.o(.text.main) refers to stm32l4xx_hal_tim.o(.text.HAL_TIM_PWM_ConfigChannel) for HAL_TIM_PWM_ConfigChannel
    main.o(.text.main) refers to stm32l4xx_hal_msp.o(.text.HAL_TIM_MspPostInit) for HAL_TIM_MspPostInit
    main.o(.text.main) refers to main.o(.bss.huart2) for huart2
    main.o(.text.main) refers to stm32l4xx_hal_uart.o(.text.HAL_UART_Init) for HAL_UART_Init
    main.o(.text.main) refers to servosg90.o(.text.servo_init) for servo_init
[...]
    [Anonymous Symbol]                       0x08004498   Section        0  servosg90.o(.text.OLED_Init)
    [Anonymous Symbol]                       0x0800449c   Section        0  servosg90.o(.text.OLED_Print_Line)
    [Anonymous Symbol]                       0x080044d0   Section        0  port.o(.text.PendSV_Handler)
    pxCurrentTCBConst                        0x08004530   Number         0  port.o(.text.PendSV_Handler)
    RCCEx_PLLSAI1_Config                     0x0800454d   Thumb Code   336  stm32l4xx_hal_rcc_ex.o(.text.RCCEx_PLLSAI1_Config)
    [Anonymous Symbol]                       0x0800454c   Section        0  stm32l4xx_hal_rcc_ex.o(.text.RCCEx_PLLSAI1_Config)
    RCCEx_PLLSAI2_Config                     0x0800469d   Thumb Code   304  stm32l4xx_hal_rcc_ex.o(.text.RCCEx_PLLSAI2_Config)
    [Anonymous Symbol]                       0x0800469c   Section        0  stm32l4xx_hal_rcc_ex.o(.text.RCCEx_PLLSAI2_Config)
    [Anonymous Symbol]                       0x080047d0   Section        0  port.o(.text.SVC_Handler)
    pxCurrentTCBConst2                       0x080047f0   Number         0  port.o(.text.SVC_Handler)
    [Anonymous Symbol]                       0x08004800   Section        0  app_task.o(.text.Sensor_Task)
    [Anonymous Symbol]                       0x08004838   Section        0  port.o(.text.SysTick_Handler)
    [Anonymous Symbol]                       0x08004868   Section        0  system_stm32l4xx.o(.text.SystemInit)
    [Anonymous Symbol]                       0x0800487c   Section        0  stm32l4xx_it.o(.text.TIM6_DAC_IRQHandler)
    [Anonymous Symbol]                       0x08004888   Section        0  stm32l4xx_hal_tim.o(.text.TIM_Base_SetConfig)
    [Anonymous Symbol]                       0x080049c4   Section        0  stm32l4xx_hal_uart.o(.text.UART_AdvFeatureConfig)
    [Anonymous Symbol]                       0x08004aac   Section        0  stm32l4xx_hal_uart.o(.text.UART_CheckIdleState)
    UART_DMAAbortOnError                     0x08004c15   Thumb Code     6  stm32l4xx_hal_uart.o(.text.UART_DMAAbortOnError)
    [Anonymous Symbol]                       0x08004c14   Section        0  stm32l4xx_hal_uart.o(.text.UART_DMAAbortOnError)
    [Anonymous Symbol]                       0x08004c1c   Section        0  stm32l4xx_hal_uart.o(.text.UART_SetConfig)
    [Anonymous Symbol]                       0x08004e70   Section        0  stm32l4xx_hal_uart.o(.text.UART_WaitOnFlagUntilTimeout)
    [Anonymous Symbol]                       0x080051b0   Section        0  stm32l4xx_it.o(.text.USART2_IRQHandler)
    [Anonymous Symbol]                       0x080051bc   Section        0  stm32l4xx_it.o(.text.UsageFault_Handler)
    [Anonymous Symbol]                       0x080051c0   Section        0  main.o(.text.main)
    prvAddCurrentTaskToDelayedList           0x080054ed   Thumb Code   162  tasks.o(.text.prvAddCurrentTaskToDelayedList)
    [Anonymous Symbol]                       0x080054ec   Section        0  tasks.o(.text.prvAddCurrentTaskToDelayedList)
    prvIdleTask                              0x08005591   Thumb Code   100  tasks.o(.text.prvIdleTask)
    [Anonymous Symbol]                       0x08005590   Section        0  tasks.o(.text.prvIdleTask)
    prvPortStartFirstTask                    0x080055f5   Thumb Code    40  port.o(.text.prvPortStartFirstTask)
    [Anonymous Symbol]                       0x080055f4   Section        0  port.o(.text.prvPortStartFirstTask)
    prvTaskExitError                         0x0800561d   Thumb Code    62  port.o(.text.prvTaskExitError)
    [Anonymous Symbol]                       0x0800561c   Section        0  port.o(.text.prvTaskExitError)
    prvUnlockQueue                           0x0800565d   Thumb Code   116  queue.o(.text.prvUnlockQueue)
    [Anonymous Symbol]                       0x0800565c   Section        0  queue.o(.text.prvUnlockQueue)
    [Anonymous Symbol]                       0x080056d0   Section        0  heap_4.o(.text.pvPortMalloc)
    [Anonymous Symbol]                       0x080058a4   Section        0  port.o(.text.pxPortInitialiseStack)
    [Anonymous Symbol]                       0x080058c8   Section        0  servosg90.o(.text.read_ir)
    [Anonymous Symbol]                       0x080058e0   Section        0  servosg90.o(.text.read_joystick)
    [Anonymous Symbol]                       0x08005964   Section        0  servosg90.o(.text.read_waterlevel)
    [Anonymous Symbol]                       0x080059ec   Section        0  servosg90.o(.text.servo_angle_set)
    [Anonymous Symbol]                       0x08005a34   Section        0  servosg90.o(.text.servo_init)
    [Anonymous Symbol]                       0x08005a44   Section        0  ssd1306_oled.o(.text.ssd1306_Fill)
    [Anonymous Symbol]                       0x08005a60   Section        0  ssd1306_oled.o(.text.ssd1306_Init)
    [Anonymous Symbol]                       0x08005d44   Section        0  ssd1306_oled.o(.text.ssd1306_SetCursor)
    [Anonymous Symbol]                       0x08005d54   Section        0  ssd1306_oled.o(.text.ssd1306_UpdateScreen)
    [Anonymous Symbol]                       0x08005dfc   Section        0  ssd1306_oled.o(.text.ssd1306_WriteChar)
    [Anonymous Symbol]                       0x080060e4   Section        0  ssd1306_oled.o(.text.ssd1306_WriteString)
    [Anonymous Symbol]                       0x08006134   Section        0  tasks.o(.text.ulTaskGenericNotifyTake)
    [Anonymous Symbol]                       0x080061d8   Section        0  list.o(.text.uxListRemove)
    [Anonymous Symbol]                       0x080061f8   Section        0  list.o(.text.vListInitialise)
    [Anonymous Symbol]                       0x08006210   Section        0  list.o(.text.vListInitialiseItem)
    [Anonymous Symbol]                       0x08006218   Section        0  list.o(.text.vListInsert)
    vPortEnableVFP                           0x0800627d   Thumb Code    20  port.o(.text.vPortEnableVFP)
    [Anonymous Symbol]                       0x0800627c   Section        0  port.o(.text.vPortEnableVFP)
    [Anonymous Symbol]                       0x08006290   Section        0  port.o(.text.vPortEnterCritical)
    [Anonymous Symbol]                       0x080062d8   Section        0  port.o(.text.vPortExitCritical)
    [Anonymous Symbol]                       0x08006308   Section        0  heap_4.o(.text.vPortFree)
    [Anonymous Symbol]                       0x08006434   Section        0  port.o(.text.vPortSetupTimerInterrupt)
    [Anonymous Symbol]                       0x08006468   Section        0  port.o(.text.vPortValidateInterruptPriority)
    [Anonymous Symbol]                       0x080064c8   Section        0  tasks.o(.text.vTaskDelay)
    [Anonymous Symbol]                       0x08006580   Section        0  tasks.o(.text.vTaskGenericNotifyGiveFromISR)
    [Anonymous Symbol]                       0x080066ac   Section        0  tasks.o(.text.vTaskInternalSetTimeOutState)
    [Anonymous Symbol]                       0x080066c0   Section        0  tasks.o(.text.vTaskMissedYield)
    [Anonymous Symbol]                       0x080066d0   Section        0  tasks.o(.text.vTaskPlaceOnEventList)
    [Anonymous Symbol]                       0x08006708   Section        0  tasks.o(.text.vTaskStartScheduler)
    [Anonymous Symbol]                       0x0800678c   Section        0  tasks.o(.text.vTaskSuspendAll)
    __tagsym$$used.0                         0x0800679c   Number         0  tasks.o(.text.vTaskSwitchContext)
    [Anonymous Symbol]                       0x0800679c   Section        0  tasks.o(.text.vTaskSwitchContext)
    [Anonymous Symbol]                       0x0800680c   Section        0  port.o(.text.xPortStartScheduler)
    [Anonymous Symbol]                       0x08006a14   Section        0  queue.o(.text.xQueueGenericCreate)
    [Anonymous Symbol]                       0x08006aa4   Section        0  queue.o(.text.xQueueGenericSend)
    [Anonymous Symbol]                       0x08006d4c   Section        0  queue.o(.text.xQueueReceive)
    [Anonymous Symbol]                       0x08006f74   Section        0  tasks.o(.text.xTaskCheckForTimeOut)
    [Anonymous Symbol]                       0x08007010   Section        0  tasks.o(.text.xTaskCreate)
    [Anonymous Symbol]                       0x08007228   Section        0  tasks.o(.text.xTaskIncrementTick)
    [Anonymous Symbol]                       0x080073ac   Section        0  tasks.o(.text.xTaskPriorityDisinherit)
    [Anonymous Symbol]                       0x0800747c   Section        0  tasks.o(.text.xTaskRemoveFromEventList)
    [Anonymous Symbol]                       0x08007560   Section        0  tasks.o(.text.xTaskResumeAll)
    $v0                                      0x080076a2   Number         0  fpinit.o(x$fpl$fpinit)
    x$fpl$fpinit                             0x080076a2   Section       26  fpinit.o(x$fpl$fpinit)
    Font6x8                                  0x080076d4   Data        1520  fonts.o(.rodata.Font6x8)
    [Anonymous Symbol]                       0x080076d4   Section        0  fonts.o(.rodata.Font6x8)
    .Lswitch.table.UART_SetConfig.5          0x08007d00   Data          16  stm32l4xx_hal_uart.o(.rodata.cst16)
    .L.str.6                                 0x08007d10   Data          15  app_task.o(.rodata.str1.1)
    [Anonymous Symbol]                       0x08007d10   Section        0  app_task.o(.rodata.str1.1)
    .L.str.7                                 0x08007d1f   Data          14  app_task.o(.rodata.str1.1)
    .L.str.11                                0x08007d2d   Data          17  app_task.o(.rodata.str1.1)
    .L.str.9                                 0x08007d3e   Data          17  app_task.o(.rodata.str1.1)
    .L.str.8                                 0x08007d4f   Data          17  app_task.o(.rodata.str1.1)
    .L.str.10                                0x08007d60   Data          18  app_task.o(.rodata.str1.1)
    .L.str.13                                0x08007d72   Data          12  app_task.o(.rodata.str1.1)
    .L.str.12                                0x08007d7e   Data          10  app_task.o(.rodata.str1.1)
    .L.str.14                                0x08007d88   Data          12  app_task.o(.rodata.str1.1)
    .L.str.15                                0x08007d94   Data          11  app_task.o(.rodata.str1.1)
    uxTopUsedPriority                        0x08007da0   Data           4  tasks.o(.rodata.uxTopUsedPriority)
    [Anonymous Symbol]                       0x08007da0   Section        0  tasks.o(.rodata.uxTopUsedPriority)
    .L_MergedGlobals                         0x10000000   Data           8  stm32l4xx_hal.o(.data..L_MergedGlobals)
    [Anonymous Symbol]                       0x10000000   Section        0  stm32l4xx_hal.o(.data..L_MergedGlobals)
    uxCriticalNesting                        0x1000000c   Data           4  port.o(.data.uxCriticalNesting)
    [Anonymous Symbol]                       0x1000000c   Section        0  port.o(.data.uxCriticalNesting)
    .bss                                     0x10000010   Section       96  libspace.o(.bss)
    .L_MergedGlobals                         0x10000070   Data          28  heap_4.o(.bss..L_MergedGlobals)
    pxEnd                                    0x10000070   Data           4  heap_4.o(.bss..L_MergedGlobals)
    [Anonymous Symbol]                       0x10000070   Section        0  heap_4.o(.bss..L_MergedGlobals)
    xFreeBytesRemaining                      0x10000074   Data           4  heap_4.o(.bss..L_MergedGlobals)
    xMinimumEverFreeBytesRemaining           0x10000078   Data           4  heap_4.o(.bss..L_MergedGlobals)
    xNumberOfSuccessfulAllocations           0x1000007c   Data           4  heap_4.o(.bss..L_MergedGlobals)
    xNumberOfSuccessfulFrees                 0x10000080   Data           4  heap_4.o(.bss..L_MergedGlobals)
    xStart                                   0x10000084   Data           8  heap_4.o(.bss..L_MergedGlobals)
    .L_MergedGlobals                         0x1000008c   Data           8  port.o(.bss..L_MergedGlobals)
    ucMaxSysCallPriority                     0x1000008c   Data           1  port.o(.bss..L_MergedGlobals)
    [Anonymous Symbol]                       0x1000008c   Section        0  port.o(.bss..L_MergedGlobals)
    ulMaxPRIGROUPValue                       0x10000090   Data           4  port.o(.bss..L_MergedGlobals)
    .L_MergedGlobals                         0x10000094   Data         116  tasks.o(.bss..L_MergedGlobals)
    uxTopReadyPriority                       0x10000094   Data           4  tasks.o(.bss..L_MergedGlobals)
    [Anonymous Symbol]                       0x10000094   Section        0  tasks.o(.bss..L_MergedGlobals)
    uxTaskNumber                             0x10000098   Data           4  tasks.o(.bss..L_MergedGlobals)
    xSchedulerRunning                        0x1000009c   Data           4  tasks.o(.bss..L_MergedGlobals)
    uxDeletedTasksWaitingCleanUp             0x100000a0   Data           4  tasks.o(.bss..L_MergedGlobals)
    uxCurrentNumberOfTasks                   0x100000a4   Data           4  tasks.o(.bss..L_MergedGlobals)
    uxSchedulerSuspended                     0x100000a8   Data           4  tasks.o(.bss..L_MergedGlobals)
    xTickCount                               0x100000ac   Data           4  tasks.o(.bss..L_MergedGlobals)
    pxDelayedTaskList                        0x100000b0   Data           4  tasks.o(.bss..L_MergedGlobals)
    pxOverflowDelayedTaskList                0x100000b4   Data           4  tasks.o(.bss..L_MergedGlobals)
    xYieldPendings                           0x100000b8   Data           4  tasks.o(.bss..L_MergedGlobals)
    xNextTaskUnblockTime                     0x100000bc   Data           4  tasks.o(.bss..L_MergedGlobals)
    xIdleTaskHandles                         0x100000c0   Data           4  tasks.o(.bss..L_MergedGlobals)
    xPendedTicks                             0x100000c4   Data           4  tasks.o(.bss..L_MergedGlobals)
    xNumOfOverflows                          0x100000c8   Data           4  tasks.o(.bss..L_MergedGlobals)
    xTasksWaitingTermination                 0x100000cc   Data          20  tasks.o(.bss..L_MergedGlobals)
    xPendingReadyList                        0x100000e0   Data          20  tasks.o(.bss..L_MergedGlobals)
    xSuspendedTaskList                       0x100000f4   Data          20  tasks.o(.bss..L_MergedGlobals)
    .L_MergedGlobals                         0x10000108   Data           6  ssd1306_oled.o(.bss..L_MergedGlobals)
    SSD1306.3                                0x10000108   Data           1  ssd1306_oled.o(.bss..L_MergedGlobals)
    [Anonymous Symbol]                       0x10000108   Section        0  ssd1306_oled.o(.bss..L_MergedGlobals)
    SSD1306.0                                0x1000010a   Data           2  ssd1306_oled.o(.bss..L_MergedGlobals)
    SSD1306.1                                0x1000010c   Data           2  ssd1306_oled.o(.bss..L_MergedGlobals)
    .L_MergedGlobals                         0x10000110   Data          12  app_task.o(.bss..L_MergedGlobals)
    [Anonymous Symbol]                       0x10000110   Section        0  app_task.o(.bss..L_MergedGlobals)
    .L_MergedGlobals.2                       0x1000011c   Data          40  tasks.o(.bss..L_MergedGlobals.2)
    xDelayedTaskList1                        0x1000011c   Data          20  tasks.o(.bss..L_MergedGlobals.2)
    [Anonymous Symbol]                       0x1000011c   Section        0  tasks.o(.bss..L_MergedGlobals.2)
    xDelayedTaskList2                        0x10000130   Data          20  tasks.o(.bss..L_MergedGlobals.2)
    SSD1306_Buffer                           0x10000144   Data        1024  ssd1306_oled.o(.bss.SSD1306_Buffer)
    [Anonymous Symbol]                       0x10000144   Section        0  ssd1306_oled.o(.bss.SSD1306_Buffer)
    __tagsym$$used.1                         0x1000071c   Number         0  tasks.o(.bss.pxCurrentTCB)
    pxReadyTasksLists                        0x10000720   Data         100  tasks.o(.bss.pxReadyTasksLists)
    [Anonymous Symbol]                       0x10000720   Section        0  tasks.o(.bss.pxReadyTasksLists)
    Heap_Mem                                 0x10000790   Data         512  startup_stm32l476xx.o(HEAP)
    HEAP                                     0x10000790   Section      512  startup_stm32l476xx.o(HEAP)
    Stack_Mem                                0x10000990   Data        1024  startup_stm32l476xx.o(STACK)
    STACK                                    0x10000990   Section     1024  startup_stm32l476xx.o(STACK)
    __initial_sp                             0x10000d90   Data           0  startup_stm32l476xx.o(STACK)
    ucHeap                                   0x20000000   Data       76800  heap_4.o(.bss.ucHeap)
    [Anonymous Symbol]                       0x20000000   Section        0  heap_4.o(.bss.ucHeap)

    Global Symbols

    Symbol Name                              Value     Ov Type        Size  Object(Section)

    BuildAttributes$$THM_ISAv4$E$P$D$K$B$S$7EM$VFPi3$EXTD16$VFPS$VFMA$PE$A:L22UL41UL21$X:L11$S22US41US21$IEEE1$IW$~IW$USESV6$~STKCKD$USESV7$~SHL$OTIME$ROPI$IEEEX$EBA8$UX$STANDARDLIB$REQ8$PRES8$EABIv2 0x00000000   Number         0  anon$$obj.o ABSOLUTE
    __ARM_exceptions_init                     - Undefined Weak Reference
    __alloca_initialize                       - Undefined Weak Reference
    __arm_preinit_                            - Undefined Weak Reference
    __arm_relocate_pie_                       - Undefined Weak Reference
    __cpp_initialize__aeabi_                  - Undefined Weak Reference
    __cxa_finalize                            - Undefined Weak Reference
    __rt_locale                               - Undefined Weak Reference
    __sigvec_lookup                           - Undefined Weak Reference
    _atexit_init                              - Undefined Weak Reference
    _call_atexit_fns                          - Undefined Weak Reference
    _clock_init                               - Undefined Weak Reference
    _fp_trap_init                             - Undefined Weak Reference
    _fp_trap_shutdown                         - Undefined Weak Reference
    _get_lc_collate                           - Undefined Weak Reference
    _get_lc_ctype                             - Undefined Weak Reference
    _get_lc_monetary                          - Undefined Weak Reference
    _get_lc_numeric                           - Undefined Weak Reference
    _get_lc_time                              - Undefined Weak Reference
    _getenv_init                              - Undefined Weak Reference
    _handle_redirection                       - Undefined Weak Reference
    _init_alloc                               - Undefined Weak Reference
    _init_user_alloc                          - Undefined Weak Reference
    _initio                                   - Undefined Weak Reference
    _rand_init                                - Undefined Weak Reference
    _signal_finish                            - Undefined Weak Reference
    _signal_init                              - Undefined Weak Reference
    _terminate_alloc                          - Undefined Weak Reference
    _terminate_user_alloc                     - Undefined Weak Reference
    _terminateio                              - Undefined Weak Reference
    __Vectors_Size                           0x00000188   Number         0  startup_stm32l476xx.o ABSOLUTE
    __Vectors                                0x08000000   Data           4  startup_stm32l476xx.o(RESET)
    __Vectors_End                            0x08000188   Data           0  startup_stm32l476xx.o(RESET)
    __main                                   0x08000189   Thumb Code     8  __main.o(!!!main)
    __scatterload                            0x08000191   Thumb Code     0  __scatter.o(!!!scatter)
    __scatterload_rt2                        0x08000191   Thumb Code    84  __scatter.o(!!!scatter)
    __scatterload_rt2_thumb_only             0x08000191   Thumb Code     0  __scatter.o(!!!scatter)
    __scatterload_loop                       0x0800019b   Thumb Code     0  __scatter.o(!!!scatter)
    __scatterload_copy                       0x080001ed   Thumb Code    26  __scatter_copy.o(!!handler_copy)
    __scatterload_null                       0x08000209   Thumb Code     2  __scatter.o(!!handler_null)
    __scatterload_zeroinit                   0x0800020d   Thumb Code    28  __scatter_zi.o(!!handler_zi)
    __rt_lib_init                            0x08000229   Thumb Code     0  libinit.o(.ARM.Collect$$libinit$$00000000)
    __rt_lib_init_fp_1                       0x0800022b   Thumb Code     0  libinit2.o(.ARM.Collect$$libinit$$00000001)
    __rt_lib_init_alloca_1                   0x0800022f   Thumb Code     0  libinit2.o(.ARM.Collect$$libinit$$00000030)
    __rt_lib_init_argv_1                     0x0800022f   Thumb Code     0  libinit2.o(.ARM.Collect$$libinit$$0000002E)
    __rt_lib_init_atexit_1                   0x0800022f   Thumb Code     0  libinit2.o(.ARM.Collect$$libinit$$0000001D)
    __rt_lib_init_clock_1                    0x0800022f   Thumb Code     0  libinit2.o(.ARM.Collect$$libinit$$00000023)
    __rt_lib_init_cpp_1                      0x0800022f   Thumb Code     0  libinit2.o(.ARM.Collect$$libinit$$00000034)
    __rt_lib_init_exceptions_1               0x0800022f   Thumb Code     0  libinit2.o(.ARM.Collect$$libinit$$00000032)
    __rt_lib_init_fp_trap_1                  0x0800022f   Thumb Code     0  libinit2.o(.ARM.Collect$$libinit$$00000021)
    __rt_lib_init_getenv_1                   0x0800022f   Thumb Code     0  libinit2.o(.ARM.Collect$$libinit$$00000025)
    __rt_lib_init_heap_1                     0x0800022f   Thumb Code     0  libinit2.o(.ARM.Collect$$libinit$$0000000C)
    __rt_lib_init_lc_collate_1               0x0800022f   Thumb Code     0  libinit2.o(.ARM.Collect$$libinit$$00000013)
    __rt_lib_init_lc_ctype_1                 0x0800022f   Thumb Code     0  libinit2.o(.ARM.Collect$$libinit$$00000015)
    __rt_lib_init_lc_monetary_1              0x0800022f   Thumb Code     0  libinit2.o(.ARM.Collect$$libinit$$00000017)
    __rt_lib_init_lc_numeric_1               0x0800022f   Thumb Code     0  libinit2.o(.ARM.Collect$$libinit$$00000019)
    __rt_lib_init_lc_time_1                  0x0800022f   Thumb Code     0  libinit2.o(.ARM.Collect$$libinit$$0000001B)
    __rt_lib_init_preinit_1                  0x0800022f   Thumb Code     0  libinit2.o(.ARM.Collect$$libinit$$00000006)
    __rt_lib_init_rand_1                     0x0800022f   Thumb Code     0  libinit2.o(.ARM.Collect$$libinit$$00000010)
    __rt_lib_init_relocate_pie_1             0x0800022f   Thumb Code     0  libinit2.o(.ARM.Collect$$libinit$$00000004)
    __rt_lib_init_return                     0x0800022f   Thumb Code     0  libinit2.o(.ARM.Collect$$libinit$$00000035)
    __rt_lib_init_signal_1                   0x0800022f   Thumb Code     0  libinit2.o(.ARM.Collect$$libinit$$0000001F)
    __rt_lib_init_stdio_1                    0x0800022f   Thumb Code     0  libinit2.o(.ARM.Collect$$libinit$$00000027)
    __rt_lib_init_user_alloc_1               0x0800022f   Thumb Code     0  libinit2.o(.ARM.Collect$$libinit$$0000000E)
    __rt_lib_shutdown                        0x08000231   Thumb Code     0  libshutdown.o(.ARM.Collect$$libshutdown$$00000000)
    __rt_lib_shutdown_cpp_1                  0x08000233   Thumb Code     0  libshutdown2.o(.ARM.Collect$$libshutdown$$00000002)
    __rt_lib_shutdown_fp_trap_1              0x08000233   Thumb Code     0  libshutdown2.o(.ARM.Collect$$libshutdown$$00000007)
    __rt_lib_shutdown_heap_1                 0x08000233   Thumb Code     0  libshutdown2.o(.ARM.Collect$$libshutdown$$0000000F)
    __rt_lib_shutdown_return                 0x08000233   Thumb Code     0  libshutdown2.o(.ARM.Collect$$libshutdown$$00000010)
    __rt_lib_shutdown_signal_1               0x08000233   Thumb Code     0  libshutdown2.o(.ARM.Collect$$libshutdown$$0000000A)
    __rt_lib_shutdown_stdio_1                0x08000233   Thumb Code     0  libshutdown2.o(.ARM.Collect$$libshutdown$$00000004)
    __rt_lib_shutdown_user_alloc_1           0x08000233   Thumb Code     0  libshutdown2.o(.ARM.Collect$$libshutdown$$0000000C)
    __rt_entry                               0x08000235   Thumb Code     0  __rtentry.o(.ARM.Collect$$rtentry$$00000000)
    __rt_entry_presh_1                       0x08000235   Thumb Code     0  __rtentry2.o(.ARM.Collect$$rtentry$$00000002)
    __rt_entry_sh                            0x08000235   Thumb Code     0  __rtentry4.o(.ARM.Collect$$rtentry$$00000004)
    __rt_entry_li                            0x0800023b   Thumb Code     0  __rtentry2.o(.ARM.Collect$$rtentry$$0000000A)
    __rt_entry_postsh_1                      0x0800023b   Thumb Code     0  __rtentry2.o(.ARM.Collect$$rtentry$$00000009)
    __rt_entry_main                          0x0800023f   Thumb Code     0  __rtentry2.o(.ARM.Collect$$rtentry$$0000000D)
    __rt_entry_postli_1                      0x0800023f   Thumb Code     0  __rtentry2.o(.ARM.Collect$$rtentry$$0000000C)
    __rt_exit                                0x08000247   Thumb Code     0  rtexit.o(.ARM.Collect$$rtexit$$00000000)
    __rt_exit_ls                             0x08000249   Thumb Code     0  rtexit2.o(.ARM.Collect$$rtexit$$00000003)
    __rt_exit_prels_1                        0x08000249   Thumb Code     0  rtexit2.o(.ARM.Collect$$rtexit$$00000002)
    __rt_exit_exit                           0x0800024d   Thumb Code     0  rtexit2.o(.ARM.Collect$$rtexit$$00000004)
    Reset_Handler                            0x08000255   Thumb Code     8  startup_stm32l476xx.o(.text)
    ADC1_2_IRQHandler                        0x0800026f   Thumb Code     0  startup_stm32l476xx.o(.text)
    ADC3_IRQHandler                          0x0800026f   Thumb Code     0  startup_stm32l476xx.o(.text)
    CAN1_RX0_IRQHandler                      0x0800026f   Thumb Code     0  startup_stm32l476xx.o(.text)
    CAN1_RX1_IRQHandler                      0x0800026f   Thumb Code     0  startup_stm32l476xx.o(.text)
    CAN1_SCE_IRQHandler                      0x0800026f   Thumb Code     0  startup_stm32l476xx.o(.text)
    CAN1_TX_IRQHandler                       0x0800026f   Thumb Code     0  startup_stm32l476xx.o(.text)
    COMP_IRQHandler                          0x0800026f   Thumb Code     0  startup_stm32l476xx.o(.text)
    DFSDM1_FLT0_IRQHandler                   0x0800026f   Thumb Code     0  startup_stm32l476xx.o(.text)
    DFSDM1_FLT1_IRQHandler                   0x0800026f   Thumb Code     0  startup_stm32l476xx.o(.text)
    DFSDM1_FLT2_IRQHandler                   0x0800026f   Thumb Code     0  startup_stm32l476xx.o(.text)
    DFSDM1_FLT3_IRQHandler                   0x0800026f   Thumb Code     0  startup_stm32l476xx.o(.text)
    DMA1_Channel1_IRQHandler                 0x0800026f   Thumb Code     0  startup_stm32l476xx.o(.text)
    DMA1_Channel2_IRQHandler                 0x0800026f   Thumb Code     0  startup_stm32l476xx.o(.text)
    DMA1_Channel3_IRQHandler                 0x0800026f   Thumb Code     0  startup_stm32l476xx.o(.text)
    DMA1_Channel4_IRQHandler                 0x0800026f   Thumb Code     0  startup_stm32l476xx.o(.text)
    DMA1_Channel5_IRQHandler                 0x0800026f   Thumb Code     0  startup_stm32l476xx.o(.text)
    DMA1_Channel6_IRQHandler                 0x0800026f   Thumb Code     0  startup_stm32l476xx.o(.text)
    DMA1_Channel7_IRQHandler                 0x0800026f   Thumb Code     0  startup_stm32l476xx.o(.text)
    DMA2_Channel1_IRQHandler                 0x0800026f   Thumb Code     0  startup_stm32l476xx.o(.text)
    DMA2_Channel2_IRQHandler                 0x0800026f   Thumb Code     0  startup_stm32l476xx.o(.text)
    DMA2_Channel3_IRQHandler                 0x0800026f   Thumb Code     0  startup_stm32l476xx.o(.text)
    DMA2_Channel4_IRQHandler                 0x0800026f   Thumb Code     0  startup_stm32l476xx.o(.text)
    DMA2_Channel5_IRQHandler                 0x0800026f   Thumb Code     0  startup_stm32l476xx.o(.text)
    DMA2_Channel6_IRQHandler                 0x0800026f   Thumb Code     0  startup_stm32l476xx.o(.text)
    DMA2_Channel7_IRQHandler                 0x0800026f   Thumb Code     0  startup_stm32l476xx.o(.text)
    EXTI0_IRQHandler                         0x0800026f   Thumb Code     0  startup_stm32l476xx.o(.text)
    EXTI15_10_IRQHandler                     0x0800026f   Thumb Code     0  startup_stm32l476xx.o(.text)
    EXTI1_IRQHandler                         0x0800026f   Thumb Code     0  startup_stm32l476xx.o(.text)
    EXTI3_IRQHandler                         0x0800026f   Thumb Code     0  startup_stm32l476xx.o(.text)
    EXTI4_IRQHandler                         0x0800026f   Thumb Code     0  startup_stm32l476xx.o(.text)
    EXTI9_5_IRQHandler                       0x0800026f   Thumb Code     0  startup_stm32l476xx.o(.text)
    FLASH_IRQHandler                         0x0800026f   Thumb Code     0  startup_stm32l476xx.o(.text)
    FMC_IRQHandler                           0x0800026f   Thumb Code     0  startup_stm32l476xx.o(.text)
    FPU_IRQHandler                           0x0800026f   Thumb Code     0  startup_stm32l476xx.o(.text)
    I2C1_ER_IRQHandler                       0x0800026f   Thumb Code     0  startup_stm32l476xx.o(.text)
    I2C1_EV_IRQHandler                       0x0800026f   Thumb Code     0  startup_stm32l476xx.o(.text)
    I2C2_ER_IRQHandler                       0x0800026f   Thumb Code     0  startup_stm32l476xx.o(.text)
    I2C2_EV_IRQHandler                       0x0800026f   Thumb Code     0  startup_stm32l476xx.o(.text)
    I2C3_ER_IRQHandler                       0x0800026f   Thumb Code     0  startup_stm32l476xx.o(.text)
    I2C3_EV_IRQHandler                       0x0800026f   Thumb Code     0  startup_stm32l476xx.o(.text)
    LCD_IRQHandler                           0x0800026f   Thumb Code     0  startup_stm32l476xx.o(.text)
    LPTIM1_IRQHandler                        0x0800026f   Thumb Code     0  startup_stm32l476xx.o(.text)
    LPTIM2_IRQHandler                        0x0800026f   Thumb Code     0  startup_stm32l476xx.o(.text)
    LPUART1_IRQHandler                       0x0800026f   Thumb Code     0  startup_stm32l476xx.o(.text)
    OTG_FS_IRQHandler                        0x0800026f   Thumb Code     0  startup_stm32l476xx.o(.text)
    PVD_PVM_IRQHandler                       0x0800026f   Thumb Code     0  startup_stm32l476xx.o(.text)
    QUADSPI_IRQHandler                       0x0800026f   Thumb Code     0  startup_stm32l476xx.o(.text)
    RCC_IRQHandler                           0x0800026f   Thumb Code     0  startup_stm32l476xx.o(.text)
    RNG_IRQHandler                           0x0800026f   Thumb Code     0  startup_stm32l476xx.o(.text)
    RTC_Alarm_IRQHandler                     0x0800026f   Thumb Code     0  startup_stm32l476xx.o(.text)
    RTC_WKUP_IRQHandler                      0x0800026f   Thumb Code     0  startup_stm32l476xx.o(.text)
    SAI1_IRQHandler                          0x0800026f   Thumb Code     0  startup_stm32l476xx.o(.text)
    SAI2_IRQHandler                          0x0800026f   Thumb Code     0  startup_stm32l476xx.o(.text)
    SDMMC1_IRQHandler                        0x0800026f   Thumb Code     0  startup_stm32l476xx.o(.text)
    SPI1_IRQHandler                          0x0800026f   Thumb Code     0  startup_stm32l476xx.o(.text)
    SPI2_IRQHandler                          0x0800026f   Thumb Code     0  startup_stm32l476xx.o(.text)
    SPI3_IRQHandler                          0x0800026f   Thumb Code     0  startup_stm32l476xx.o(.text)
    SWPMI1_IRQHandler                        0x0800026f   Thumb Code     0  startup_stm32l476xx.o(.text)
    TAMP_STAMP_IRQHandler                    0x0800026f   Thumb Code     0  startup_stm32l476xx.o(.text)
    TIM1_BRK_TIM15_IRQHandler                0x0800026f   Thumb Code     0  startup_stm32l476xx.o(.text)
    TIM1_CC_IRQHandler                       0x0800026f   Thumb Code     0  startup_stm32l476xx.o(.text)
    TIM1_TRG_COM_TIM17_IRQHandler            0x0800026f   Thumb Code     0  startup_stm32l476xx.o(.text)
    TIM1_UP_TIM16_IRQHandler                 0x0800026f   Thumb Code     0  startup_stm32l476xx.o(.text)
    TIM2_IRQHandler                          0x0800026f   Thumb Code     0  startup_stm32l476xx.o(.text)
    TIM3_IRQHandler                          0x0800026f   Thumb Code     0  startup_stm32l476xx.o(.text)
    TIM4_IRQHandler                          0x0800026f   Thumb Code     0  startup_stm32l476xx.o(.text)
    TIM5_IRQHandler                          0x0800026f   Thumb Code     0  startup_stm32l476xx.o(.text)
    TIM7_IRQHandler                          0x0800026f   Thumb Code     0  startup_stm32l476xx.o(.text)
    TIM8_BRK_IRQHandler                      0x0800026f   Thumb Code     0  startup_stm32l476xx.o(.text)
    TIM8_CC_IRQHandler                       0x0800026f   Thumb Code     0  startup_stm32l476xx.o(.text)
    TIM8_TRG_COM_IRQHandler                  0x0800026f   Thumb Code     0  startup_stm32l476xx.o(.text)
    TIM8_UP_IRQHandler                       0x0800026f   Thumb Code     0  startup_stm32l476xx.o(.text)
    TSC_IRQHandler                           0x0800026f   Thumb Code     0  startup_stm32l476xx.o(.text)
    UART4_IRQHandler                         0x0800026f   Thumb Code     0  startup_stm32l476xx.o(.text)
    UART5_IRQHandler                         0x0800026f   Thumb Code     0  startup_stm32l476xx.o(.text)
    USART1_IRQHandler                        0x0800026f   Thumb Code     0  startup_stm32l476xx.o(.text)
    USART3_IRQHandler                        0x0800026f   Thumb Code     0  startup_stm32l476xx.o(.text)
    WWDG_IRQHandler                          0x0800026f   Thumb Code     0  startup_stm32l476xx.o(.text)
    __user_initial_stackheap                 0x08000271   Thumb Code     0  startup_stm32l476xx.o(.text)
    __aeabi_uldivmod                         0x08000295   Thumb Code     0  lludivv7m.o(.text)
    _ll_udiv                                 0x08000295   Thumb Code   240  lludivv7m.o(.text)
    __aeabi_memcpy                           0x08000385   Thumb Code     0  rt_memcpy_v6.o(.text)
    __rt_memcpy                              0x08000385   Thumb Code   138  rt_memcpy_v6.o(.text)
    _memcpy_lastbytes                        0x080003eb   Thumb Code     0  rt_memcpy_v6.o(.text)
    __aeabi_memset4                          0x0800040f   Thumb Code    16  aeabi_memset4.o(.text)
    __aeabi_memset8                          0x0800040f   Thumb Code     0  aeabi_memset4.o(.text)
    __aeabi_memclr                           0x0800041f   Thumb Code     0  rt_memclr.o(.text)
    __rt_memclr                              0x0800041f   Thumb Code     0  rt_memclr.o(.text)
    _memset                                  0x08000423   Thumb Code    64  rt_memclr.o(.text)
    __aeabi_memclr4                          0x08000463   Thumb Code     0  rt_memclr_w.o(.text)
    __aeabi_memclr8                          0x08000463   Thumb Code     0  rt_memclr_w.o(.text)
    __rt_memclr_w                            0x08000463   Thumb Code     0  rt_memclr_w.o(.text)
    _memset_w                                0x08000467   Thumb Code    74  rt_memclr_w.o(.text)
    __use_two_region_memory                  0x080004b1   Thumb Code     2  heapauxi.o(.text)
    __rt_heap_escrow$2region                 0x080004b3   Thumb Code     2  heapauxi.o(.text)
    __rt_heap_expand$2region                 0x080004b5   Thumb Code     2  heapauxi.o(.text)
    __aeabi_memcpy4                          0x080004b7   Thumb Code     0  rt_memcpy_w.o(.text)
    __aeabi_memcpy8                          0x080004b7   Thumb Code     0  rt_memcpy_w.o(.text)
    __rt_memcpy_w                            0x080004b7   Thumb Code   100  rt_memcpy_w.o(.text)
    _memcpy_lastbytes_aligned                0x080004ff   Thumb Code     0  rt_memcpy_w.o(.text)
    __user_libspace                          0x0800051d   Thumb Code     8  libspace.o(.text)
    __user_perproc_libspace                  0x0800051d   Thumb Code     0  libspace.o(.text)
    __user_perthread_libspace                0x0800051d   Thumb Code     0  libspace.o(.text)
    __user_setup_stackheap                   0x08000525   Thumb Code    74  sys_stackheap_outer.o(.text)
    exit                                     0x0800056f   Thumb Code    18  exit.o(.text)
    _sys_exit                                0x08000581   Thumb Code     8  sys_exit.o(.text)
    __I$use$semihosting                      0x0800058d   Thumb Code     0  use_no_semi.o(.text)
    __use_no_semihosting_swi                 0x0800058d   Thumb Code     2  use_no_semi.o(.text)
    __semihosting_library_function           0x0800058f   Thumb Code     0  indicate_semi.o(.text)
    ADC_ConversionStop                       0x08000591   Thumb Code   400  stm32l4xx_hal_adc.o(.text.ADC_ConversionStop)
    ADC_Enable                               0x08000721   Thumb Code   246  stm32l4xx_hal_adc.o(.text.ADC_Enable)
    App_RTOS_Init                            0x08000819   Thumb Code   180  app_task.o(.text.App_RTOS_Init)
    BusFault_Handler                         0x08000901   Thumb Code     2  stm32l4xx_it.o(.text.BusFault_Handler)
    Control_Task                             0x08000905   Thumb Code   184  app_task.o(.text.Control_Task)
    DebugMon_Handler                         0x080009bd   Thumb Code     2  stm32l4xx_it.o(.text.DebugMon_Handler)
    Display_Task                             0x080009c1   Thumb Code   224  app_task.o(.text.Display_Task)
    EXTI2_IRQHandler                         0x08000aa9   Thumb Code     6  stm32l4xx_it.o(.text.EXTI2_IRQHandler)
    Error_Handler                            0x08000ab1   Thumb Code    10  main.o(.text.Error_Handler)
    HAL_ADCEx_MultiModeConfigChannel         0x08000abd   Thumb Code   208  stm32l4xx_hal_adc_ex.o(.text.HAL_ADCEx_MultiModeConfigChannel)
    HAL_ADC_ConfigChannel                    0x08000b8d   Thumb Code   860  stm32l4xx_hal_adc.o(.text.HAL_ADC_ConfigChannel)
    HAL_ADC_GetValue                         0x08000ef9   Thumb Code     6  stm32l4xx_hal_adc.o(.text.HAL_ADC_GetValue)
    HAL_ADC_Init                             0x08000f01   Thumb Code   490  stm32l4xx_hal_adc.o(.text.HAL_ADC_Init)
    HAL_ADC_MspInit                          0x080010ed   Thumb Code   170  stm32l4xx_hal_msp.o(.text.HAL_ADC_MspInit)
    HAL_ADC_PollForConversion                0x08001199   Thumb Code   354  stm32l4xx_hal_adc.o(.text.HAL_ADC_PollForConversion)
    HAL_ADC_Start                            0x080012fd   Thumb Code   228  stm32l4xx_hal_adc.o(.text.HAL_ADC_Start)
    HAL_ADC_Stop                             0x080013e1   Thumb Code   180  stm32l4xx_hal_adc.o(.text.HAL_ADC_Stop)
    HAL_DMA_Abort                            0x08001495   Thumb Code    84  stm32l4xx_hal_dma.o(.text.HAL_DMA_Abort)
    HAL_DMA_Abort_IT                         0x080014e9   Thumb Code    84  stm32l4xx_hal_dma.o(.text.HAL_DMA_Abort_IT)
    HAL_GPIO_EXTI_Callback                   0x0800153d   Thumb Code    58  app_task.o(.text.HAL_GPIO_EXTI_Callback)
    HAL_GPIO_EXTI_IRQHandler                 0x08001579   Thumb Code    22  stm32l4xx_hal_gpio.o(.text.HAL_GPIO_EXTI_IRQHandler)
    HAL_GPIO_Init                            0x08001591   Thumb Code   474  stm32l4xx_hal_gpio.o(.text.HAL_GPIO_Init)
    HAL_GPIO_ReadPin                         0x08001771   Thumb Code    10  stm32l4xx_hal_gpio.o(.text.HAL_GPIO_ReadPin)
    HAL_GPIO_TogglePin                       0x0800177d   Thumb Code    16  stm32l4xx_hal_gpio.o(.text.HAL_GPIO_TogglePin)
    HAL_GPIO_WritePin                        0x0800178d   Thumb Code    12  stm32l4xx_hal_gpio.o(.text.HAL_GPIO_WritePin)
    HAL_GetTick                              0x08001799   Thumb Code    12  stm32l4xx_hal.o(.text.HAL_GetTick)
    HAL_I2CEx_ConfigAnalogFilter             0x080017a5   Thumb Code    74  stm32l4xx_hal_i2c_ex.o(.text.HAL_I2CEx_ConfigAnalogFilter)
    HAL_I2CEx_ConfigDigitalFilter            0x080017f1   Thumb Code    72  stm32l4xx_hal_i2c_ex.o(.text.HAL_I2CEx_ConfigDigitalFilter)
    HAL_I2C_Init                             0x08001839   Thumb Code   176  stm32l4xx_hal_i2c.o(.text.HAL_I2C_Init)
    HAL_I2C_Mem_Write                        0x080018e9   Thumb Code   568  stm32l4xx_hal_i2c.o(.text.HAL_I2C_Mem_Write)
    HAL_I2C_MspInit                          0x08001b29   Thumb Code   148  stm32l4xx_hal_msp.o(.text.HAL_I2C_MspInit)
    HAL_IncTick                              0x08001bbd   Thumb Code    26  stm32l4xx_hal.o(.text.HAL_IncTick)
    HAL_Init                                 0x08001bd9   Thumb Code    30  stm32l4xx_hal.o(.text.HAL_Init)
    HAL_InitTick                             0x08001bf9   Thumb Code   178  stm32l4xx_hal_timebase_tim.o(.text.HAL_InitTick)
    HAL_MspInit                              0x08001cad   Thumb Code    50  stm32l4xx_hal_msp.o(.text.HAL_MspInit)
    HAL_NVIC_EnableIRQ                       0x08001ce1   Thumb Code    34  stm32l4xx_hal_cortex.o(.text.HAL_NVIC_EnableIRQ)
    HAL_NVIC_SetPriority                     0x08001d05   Thumb Code    86  stm32l4xx_hal_cortex.o(.text.HAL_NVIC_SetPriority)
    HAL_NVIC_SetPriorityGrouping             0x08001d5d   Thumb Code    32  stm32l4xx_hal_cortex.o(.text.HAL_NVIC_SetPriorityGrouping)
    HAL_PWREx_ControlVoltageScaling          0x08001d7d   Thumb Code   140  stm32l4xx_hal_pwr_ex.o(.text.HAL_PWREx_ControlVoltageScaling)
    HAL_PWREx_GetVoltageRange                0x08001e09   Thumb Code    16  stm32l4xx_hal_pwr_ex.o(.text.HAL_PWREx_GetVoltageRange)
    HAL_RCCEx_PeriphCLKConfig                0x08001e19   Thumb Code   992  stm32l4xx_hal_rcc_ex.o(.text.HAL_RCCEx_PeriphCLKConfig)
    HAL_RCC_ClockConfig                      0x080021f9   Thumb Code   574  stm32l4xx_hal_rcc.o(.text.HAL_RCC_ClockConfig)
    HAL_RCC_GetClockConfig                   0x08002439   Thumb Code    66  stm32l4xx_hal_rcc.o(.text.HAL_RCC_GetClockConfig)
    HAL_RCC_GetPCLK1Freq                     0x0800247d   Thumb Code    42  stm32l4xx_hal_rcc.o(.text.HAL_RCC_GetPCLK1Freq)
    HAL_RCC_GetPCLK2Freq                     0x080024a9   Thumb Code    42  stm32l4xx_hal_rcc.o(.text.HAL_RCC_GetPCLK2Freq)
    HAL_RCC_GetSysClockFreq                  0x080024d5   Thumb Code   198  stm32l4xx_hal_rcc.o(.text.HAL_RCC_GetSysClockFreq)
    HAL_RCC_OscConfig                        0x0800259d   Thumb Code  1944  stm32l4xx_hal_rcc.o(.text.HAL_RCC_OscConfig)
    HAL_TIMEx_Break2Callback                 0x08002d35   Thumb Code     2  stm32l4xx_hal_tim_ex.o(.text.HAL_TIMEx_Break2Callback)
    HAL_TIMEx_BreakCallback                  0x08002d39   Thumb Code     2  stm32l4xx_hal_tim_ex.o(.text.HAL_TIMEx_BreakCallback)
    HAL_TIMEx_CommutCallback                 0x08002d3d   Thumb Code     2  stm32l4xx_hal_tim_ex.o(.text.HAL_TIMEx_CommutCallback)
    HAL_TIMEx_MasterConfigSynchronization    0x08002d41   Thumb Code   198  stm32l4xx_hal_tim_ex.o(.text.HAL_TIMEx_MasterConfigSynchronization)
    HAL_TIM_Base_Init                        0x08002e09   Thumb Code    98  stm32l4xx_hal_tim.o(.text.HAL_TIM_Base_Init)
    HAL_TIM_Base_MspInit                     0x08002e6d   Thumb Code    42  stm32l4xx_hal_msp.o(.text.HAL_TIM_Base_MspInit)
    HAL_TIM_Base_Start_IT                    0x08002e99   Thumb Code   174  stm32l4xx_hal_tim.o(.text.HAL_TIM_Base_Start_IT)
    HAL_TIM_ConfigClockSource                0x08002f49   Thumb Code   460  stm32l4xx_hal_tim.o(.text.HAL_TIM_ConfigClockSource)
    HAL_TIM_IC_CaptureCallback               0x08003115   Thumb Code     2  stm32l4xx_hal_tim.o(.text.HAL_TIM_IC_CaptureCallback)
    HAL_TIM_IRQHandler                       0x08003119   Thumb Code   364  stm32l4xx_hal_tim.o(.text.HAL_TIM_IRQHandler)
    HAL_TIM_MspPostInit                      0x08003285   Thumb Code    82  stm32l4xx_hal_msp.o(.text.HAL_TIM_MspPostInit)
    HAL_TIM_OC_DelayElapsedCallback          0x080032d9   Thumb Code     2  stm32l4xx_hal_tim.o(.text.HAL_TIM_OC_DelayElapsedCallback)
    HAL_TIM_PWM_ConfigChannel                0x080032dd   Thumb Code   932  stm32l4xx_hal_tim.o(.text.HAL_TIM_PWM_ConfigChannel)
    HAL_TIM_PWM_Init                         0x08003681   Thumb Code    98  stm32l4xx_hal_tim.o(.text.HAL_TIM_PWM_Init)
    HAL_TIM_PWM_MspInit                      0x080036e5   Thumb Code     2  stm32l4xx_hal_tim.o(.text.HAL_TIM_PWM_MspInit)
    HAL_TIM_PWM_PulseFinishedCallback        0x080036e9   Thumb Code     2  stm32l4xx_hal_tim.o(.text.HAL_TIM_PWM_PulseFinishedCallback)
    HAL_TIM_PWM_Start                        0x080036ed   Thumb Code   426  stm32l4xx_hal_tim.o(.text.HAL_TIM_PWM_Start)
    HAL_TIM_PeriodElapsedCallback            0x08003899   Thumb Code    20  main.o(.text.HAL_TIM_PeriodElapsedCallback)
    HAL_TIM_TriggerCallback                  0x080038ad   Thumb Code     2  stm32l4xx_hal_tim.o(.text.HAL_TIM_TriggerCallback)
    HAL_UARTEx_RxEventCallback               0x080038b1   Thumb Code     2  stm32l4xx_hal_uart.o(.text.HAL_UARTEx_RxEventCallback)
    HAL_UARTEx_WakeupCallback                0x080038b5   Thumb Code     2  stm32l4xx_hal_uart_ex.o(.text.HAL_UARTEx_WakeupCallback)
    HAL_UART_ErrorCallback                   0x080038b9   Thumb Code     2  stm32l4xx_hal_uart.o(.text.HAL_UART_ErrorCallback)
    HAL_UART_IRQHandler                      0x080038bd   Thumb Code  1532  stm32l4xx_hal_uart.o(.text.HAL_UART_IRQHandler)
    HAL_UART_Init                            0x08003eb9   Thumb Code    96  stm32l4xx_hal_uart.o(.text.HAL_UART_Init)
    HAL_UART_MspInit                         0x08003f19   Thumb Code   158  stm32l4xx_hal_msp.o(.text.HAL_UART_MspInit)
    HAL_UART_Transmit                        0x08003fb9   Thumb Code   352  stm32l4xx_hal_uart.o(.text.HAL_UART_Transmit)
    HAL_UART_TxCpltCallback                  0x08004119   Thumb Code     2  stm32l4xx_hal_uart.o(.text.HAL_UART_TxCpltCallback)
    HardFault_Handler                        0x0800411d   Thumb Code     2  stm32l4xx_it.o(.text.HardFault_Handler)
    Heartbeat_Task                           0x08004121   Thumb Code    28  app_task.o(.text.Heartbeat_Task)
    MemManage_Handler                        0x08004491   Thumb Code     2  stm32l4xx_it.o(.text.MemManage_Handler)
    NMI_Handler                              0x08004495   Thumb Code     2  stm32l4xx_it.o(.text.NMI_Handler)
    OLED_Init                                0x08004499   Thumb Code     4  servosg90.o(.text.OLED_Init)
    OLED_Print_Line                          0x0800449d   Thumb Code    50  servosg90.o(.text.OLED_Print_Line)
    PendSV_Handler                           0x080044d1   Thumb Code   100  port.o(.text.PendSV_Handler)
    SVC_Handler                              0x080047d1   Thumb Code    36  port.o(.text.SVC_Handler)
    Sensor_Task                              0x08004801   Thumb Code    54  app_task.o(.text.Sensor_Task)
    SysTick_Handler                          0x08004839   Thumb Code    46  port.o(.text.SysTick_Handler)
    SystemInit                               0x08004869   Thumb Code    18  system_stm32l4xx.o(.text.SystemInit)
    TIM6_DAC_IRQHandler                      0x0800487d   Thumb Code    12  stm32l4xx_it.o(.text.TIM6_DAC_IRQHandler)
    TIM_Base_SetConfig                       0x08004889   Thumb Code   316  stm32l4xx_hal_tim.o(.text.TIM_Base_SetConfig)
    UART_AdvFeatureConfig                    0x080049c5   Thumb Code   230  stm32l4xx_hal_uart.o(.text.UART_AdvFeatureConfig)
    UART_CheckIdleState                      0x08004aad   Thumb Code   360  stm32l4xx_hal_uart.o(.text.UART_CheckIdleState)
    UART_SetConfig                           0x08004c1d   Thumb Code   580  stm32l4xx_hal_uart.o(.text.UART_SetConfig)
    UART_WaitOnFlagUntilTimeout              0x08004e71   Thumb Code   832  stm32l4xx_hal_uart.o(.text.UART_WaitOnFlagUntilTimeout)
    USART2_IRQHandler                        0x080051b1   Thumb Code    12  stm32l4xx_it.o(.text.USART2_IRQHandler)
    UsageFault_Handler                       0x080051bd   Thumb Code     2  stm32l4xx_it.o(.text.UsageFault_Handler)
    main                                     0x080051c1   Thumb Code   810  main.o(.text.main)
    pvPortMalloc                             0x080056d1   Thumb Code   468  heap_4.o(.text.pvPortMalloc)
    pxPortInitialiseStack                    0x080058a5   Thumb Code    36  port.o(.text.pxPortInitialiseStack)
    read_ir                                  0x080058c9   Thumb Code    24  servosg90.o(.text.read_ir)
    read_joystick                            0x080058e1   Thumb Code   132  servosg90.o(.text.read_joystick)
    read_waterlevel                          0x08005965   Thumb Code   134  servosg90.o(.text.read_waterlevel)
    servo_angle_set                          0x080059ed   Thumb Code    60  servosg90.o(.text.servo_angle_set)
    servo_init                               0x08005a35   Thumb Code    14  servosg90.o(.text.servo_init)
    ssd1306_Fill                             0x08005a45   Thumb Code    28  ssd1306_oled.o(.text.ssd1306_Fill)
    ssd1306_Init                             0x08005a61   Thumb Code   738  ssd1306_oled.o(.text.ssd1306_Init)
    ssd1306_SetCursor                        0x08005d45   Thumb Code    14  ssd1306_oled.o(.text.ssd1306_SetCursor)
    ssd1306_UpdateScreen                     0x08005d55   Thumb Code   162  ssd1306_oled.o(.text.ssd1306_UpdateScreen)
    ssd1306_WriteChar                        0x08005dfd   Thumb Code   736  ssd1306_oled.o(.text.ssd1306_WriteChar)
    ssd1306_WriteString                      0x080060e5   Thumb Code    78  ssd1306_oled.o(.text.ssd1306_WriteString)
    ulTaskGenericNotifyTake                  0x08006135   Thumb Code   164  tasks.o(.text.ulTaskGenericNotifyTake)
    uxListRemove                             0x080061d9   Thumb Code    32  list.o(.text.uxListRemove)
    vListInitialise                          0x080061f9   Thumb Code    22  list.o(.text.vListInitialise)
    vListInitialiseItem                      0x08006211   Thumb Code     6  list.o(.text.vListInitialiseItem)
    vListInsert                              0x08006219   Thumb Code    98  list.o(.text.vListInsert)
    vPortEnterCritical                       0x08006291   Thumb Code    70  port.o(.text.vPortEnterCritical)
    vPortExitCritical                        0x080062d9   Thumb Code    46  port.o(.text.vPortExitCritical)
    vPortFree                                0x08006309   Thumb Code   300  heap_4.o(.text.vPortFree)
    vPortSetupTimerInterrupt                 0x08006435   Thumb Code    52  port.o(.text.vPortSetupTimerInterrupt)
    vPortValidateInterruptPriority           0x08006469   Thumb Code    94  port.o(.text.vPortValidateInterruptPriority)
    vTaskDelay                               0x080064c9   Thumb Code   184  tasks.o(.text.vTaskDelay)
    vTaskGenericNotifyGiveFromISR            0x08006581   Thumb Code   298  tasks.o(.text.vTaskGenericNotifyGiveFromISR)
    vTaskInternalSetTimeOutState             0x080066ad   Thumb Code    18  tasks.o(.text.vTaskInternalSetTimeOutState)
    vTaskMissedYield                         0x080066c1   Thumb Code    14  tasks.o(.text.vTaskMissedYield)
    vTaskPlaceOnEventList                    0x080066d1   Thumb Code    54  tasks.o(.text.vTaskPlaceOnEventList)
    vTaskStartScheduler                      0x08006709   Thumb Code   130  tasks.o(.text.vTaskStartScheduler)
    vTaskSuspendAll                          0x0800678d   Thumb Code    16  tasks.o(.text.vTaskSuspendAll)
    vTaskSwitchContext                       0x0800679d   Thumb Code   110  tasks.o(.text.vTaskSwitchContext)
    xPortStartScheduler                      0x0800680d   Thumb Code   518  port.o(.text.xPortStartScheduler)
    xQueueGenericCreate                      0x08006a15   Thumb Code   142  queue.o(.text.xQueueGenericCreate)
    xQueueGenericSend                        0x08006aa5   Thumb Code   672  queue.o(.text.xQueueGenericSend)
    xQueueReceive                            0x08006d4d   Thumb Code   546  queue.o(.text.xQueueReceive)
    xTaskCheckForTimeOut                     0x08006f75   Thumb Code   154  tasks.o(.text.xTaskCheckForTimeOut)
    xTaskCreate                              0x08007011   Thumb Code   530  tasks.o(.text.xTaskCreate)
    xTaskIncrementTick                       0x08007229   Thumb Code   382  tasks.o(.text.xTaskIncrementTick)
    xTaskPriorityDisinherit                  0x080073ad   Thumb Code   206  tasks.o(.text.xTaskPriorityDisinherit)
    xTaskRemoveFromEventList                 0x0800747d   Thumb Code   226  tasks.o(.text.xTaskRemoveFromEventList)
    xTaskResumeAll                           0x08007561   Thumb Code   322  tasks.o(.text.xTaskResumeAll)
    _fp_init                                 0x080076a3   Thumb Code    26  fpinit.o(x$fpl$fpinit)
    __fplib_config_fpu_vfp                   0x080076bb   Thumb Code     0  fpinit.o(x$fpl$fpinit)
    __fplib_config_pureend_doubles           0x080076bb   Thumb Code     0  fpinit.o(x$fpl$fpinit)
    AHBPrescTable                            0x080076bc   Data          16  system_stm32l4xx.o(.rodata.AHBPrescTable)
    APBPrescTable                            0x080076cc   Data           8  system_stm32l4xx.o(.rodata.APBPrescTable)
    Font_6x8                                 0x08007cc4   Data          12  fonts.o(.rodata.Font_6x8)
    MSIRangeTable                            0x08007cd0   Data          48  system_stm32l4xx.o(.rodata.MSIRangeTable)
    Region$$Table$$Base                      0x08007da4   Number         0  anon$$obj.o(Region$$Table)
    Region$$Table$$Limit                     0x08007dd4   Number         0  anon$$obj.o(Region$$Table)
    uwTickFreq                               0x10000000   Data           1  stm32l4xx_hal.o(.data..L_MergedGlobals)
    uwTickPrio                               0x10000004   Data           4  stm32l4xx_hal.o(.data..L_MergedGlobals)
    SystemCoreClock                          0x10000008   Data           4  system_stm32l4xx.o(.data.SystemCoreClock)
    __libspace_start                         0x10000010   Data          96  libspace.o(.bss)
    __temporary_stack_top$libspace           0x10000070   Data           0  libspace.o(.bss)
    sensorQueue                              0x10000110   Data           4  app_task.o(.bss..L_MergedGlobals)
    displayQueue                             0x10000114   Data           4  app_task.o(.bss..L_MergedGlobals)
    controlTaskHandle                        0x10000118   Data           4  app_task.o(.bss..L_MergedGlobals)
    hadc1                                    0x10000544   Data         100  main.o(.bss.hadc1)
    hi2c1                                    0x100005a8   Data          84  main.o(.bss.hi2c1)
    htim2                                    0x100005fc   Data          76  main.o(.bss.htim2)
    htim6                                    0x10000648   Data          76  stm32l4xx_hal_timebase_tim.o(.bss.htim6)
    huart2                                   0x10000694   Data         136  main.o(.bss.huart2)
    pxCurrentTCB                             0x1000071c   Data           4  tasks.o(.bss.pxCurrentTCB)
    uwTick                                   0x10000784   Data           4  stm32l4xx_hal.o(.bss.uwTick)
    watersensor_adc                          0x10000788   Data           2  servosg90.o(.bss.watersensor_adc)



==============================================================================

Memory Map of the image

  Image Entry point : 0x08000189

  Load Region LR_IROM1 (Base: 0x08000000, Size: 0x00007de8, Max: 0x00100000, ABSOLUTE)

    Execution Region ER_IROM1 (Exec base: 0x08000000, Load base: 0x08000000, Size: 0x00007dd4, Max: 0x00100000, ABSOLUTE)

    Exec Addr    Load Addr    Size         Type   Attr      Idx    E Section Name        Object

    0x08000000   0x08000000   0x00000188   Data   RO            3    RESET               startup_stm32l476xx.o
    0x08000188   0x08000188   0x00000008   Code   RO         1908  * !!!main             c_w.l(__main.o)
    0x08000190   0x08000190   0x0000005c   Code   RO         2124    !!!scatter          c_w.l(__scatter.o)
    0x080001ec   0x080001ec   0x0000001a   Code   RO         2128    !!handler_copy      c_w.l(__scatter_copy.o)
    0x08000206   0x08000206   0x00000002   PAD
    0x08000208   0x08000208   0x00000002   Code   RO         2125    !!handler_null      c_w.l(__scatter.o)
    0x0800020a   0x0800020a   0x00000002   PAD
    0x0800020c   0x0800020c   0x0000001c   Code   RO         2130    !!handler_zi        c_w.l(__scatter_zi.o)
    0x08000228   0x08000228   0x00000002   Code   RO         1989    .ARM.Collect$$libinit$$00000000  c_w.l(libinit.o)
    0x0800022a   0x0800022a   0x00000004   Code   RO         1998    .ARM.Collect$$libinit$$00000001  c_w.l(libinit2.o)
    0x0800022e   0x0800022e   0x00000000   Code   RO         2001    .ARM.Collect$$libinit$$00000004  c_w.l(libinit2.o)
    0x0800022e   0x0800022e   0x00000000   Code   RO         2003    .ARM.Collect$$libinit$$00000006  c_w.l(libinit2.o)
    0x0800022e   0x0800022e   0x00000000   Code   RO         2006    .ARM.Collect$$libinit$$0000000C  c_w.l(libinit2.o)
    0x0800022e   0x0800022e   0x00000000   Code   RO         2008    .ARM.Collect$$libinit$$0000000E  c_w.l(libinit2.o)
    0x0800022e   0x0800022e   0x00000000   Code   RO         2010    .ARM.Collect$$libinit$$00000010  c_w.l(libinit2.o)
    0x0800022e   0x0800022e   0x00000000   Code   RO         2013    .ARM.Collect$$libinit$$00000013  c_w.l(libinit2.o)
    0x0800022e   0x0800022e   0x00000000   Code   RO         2015    .ARM.Collect$$libinit$$00000015  c_w.l(libinit2.o)
    0x0800022e   0x0800022e   0x00000000   Code   RO         2017    .ARM.Collect$$libinit$$00000017  c_w.l(libinit2.o)
    0x0800022e   0x0800022e   0x00000000   Code   RO         2019    .ARM.Collect$$libinit$$00000019  c_w.l(libinit2.o)
    0x0800022e   0x0800022e   0x00000000   Code   RO         2021    .ARM.Collect$$libinit$$0000001B  c_w.l(libinit2.o)
    0x0800022e   0x0800022e   0x00000000   Code   RO         2023    .ARM.Collect$$libinit$$0000001D  c_w.l(libinit2.o)
    0x0800022e   0x0800022e   0x00000000   Code   RO         2025    .ARM.Collect$$libinit$$0000001F  c_w.l(libinit2.o)
    0x0800022e   0x0800022e   0x00000000   Code   RO         2027    .ARM.Collect$$libinit$$00000021  c_w.l(libinit2.o)
    0x0800022e   0x0800022e   0x00000000   Code   RO         2029    .ARM.Collect$$libinit$$00000023  c_w.l(libinit2.o)
    0x0800022e   0x0800022e   0x00000000   Code   RO         2031    .ARM.Collect$$libinit$$00000025  c_w.l(libinit2.o)
    0x0800022e   0x0800022e   0x00000000   Code   RO         2033    .ARM.Collect$$libinit$$00000027  c_w.l(libinit2.o)
    0x0800022e   0x0800022e   0x00000000   Code   RO         2037    .ARM.Collect$$libinit$$0000002E  c_w.l(libinit2.o)
    0x0800022e   0x0800022e   0x00000000   Code   RO         2039    .ARM.Collect$$libinit$$00000030  c_w.l(libinit2.o)
    0x0800022e   0x0800022e   0x00000000   Code   RO         2041    .ARM.Collect$$libinit$$00000032  c_w.l(libinit2.o)
    0x0800022e   0x0800022e   0x00000000   Code   RO         2043    .ARM.Collect$$libinit$$00000034  c_w.l(libinit2.o)
    0x0800022e   0x0800022e   0x00000002   Code   RO         2044    .ARM.Collect$$libinit$$00000035  c_w.l(libinit2.o)
    0x08000230   0x08000230   0x00000002   Code   RO         2079    .ARM.Collect$$libshutdown$$00000000  c_w.l(libshutdown.o)
    0x08000232   0x08000232   0x00000000   Code   RO         2107    .ARM.Collect$$libshutdown$$00000002  c_w.l(libshutdown2.o)
    0x08000232   0x08000232   0x00000000   Code   RO         2109    .ARM.Collect$$libshutdown$$00000004  c_w.l(libshutdown2.o)
    0x08000232   0x08000232   0x00000000   Code   RO         2112    .ARM.Collect$$libshutdown$$00000007  c_w.l(libshutdown2.o)
    0x08000232   0x08000232   0x00000000   Code   RO         2115    .ARM.Collect$$libshutdown$$0000000A  c_w.l(libshutdown2.o)
    0x08000232   0x08000232   0x00000000   Code   RO         2117    .ARM.Collect$$libshutdown$$0000000C  c_w.l(libshutdown2.o)
    0x08000232   0x08000232   0x00000000   Code   RO         2120    .ARM.Collect$$libshutdown$$0000000F  c_w.l(libshutdown2.o)
    0x08000232   0x08000232   0x00000002   Code   RO         2121    .ARM.Collect$$libshutdown$$00000010  c_w.l(libshutdown2.o)
    0x08000234   0x08000234   0x00000000   Code   RO         1922    .ARM.Collect$$rtentry$$00000000  c_w.l(__rtentry.o)
    0x08000234   0x08000234   0x00000000   Code   RO         1952    .ARM.Collect$$rtentry$$00000002  c_w.l(__rtentry2.o)
    0x08000234   0x08000234   0x00000006   Code   RO         1964    .ARM.Collect$$rtentry$$00000004  c_w.l(__rtentry4.o)
    0x0800023a   0x0800023a   0x00000000   Code   RO         1954    .ARM.Collect$$rtentry$$00000009  c_w.l(__rtentry2.o)
    0x0800023a   0x0800023a   0x00000004   Code   RO         1955    .ARM.Collect$$rtentry$$0000000A  c_w.l(__rtentry2.o)
    0x0800023e   0x0800023e   0x00000000   Code   RO         1957    .ARM.Collect$$rtentry$$0000000C  c_w.l(__rtentry2.o)
    0x0800023e   0x0800023e   0x00000008   Code   RO         1958    .ARM.Collect$$rtentry$$0000000D  c_w.l(__rtentry2.o)
    0x08000246   0x08000246   0x00000002   Code   RO         1990    .ARM.Collect$$rtexit$$00000000  c_w.l(rtexit.o)
    0x08000248   0x08000248   0x00000000   Code   RO         2050    .ARM.Collect$$rtexit$$00000002  c_w.l(rtexit2.o)
    0x08000248   0x08000248   0x00000004   Code   RO         2051    .ARM.Collect$$rtexit$$00000003  c_w.l(rtexit2.o)
    0x0800024c   0x0800024c   0x00000006   Code   RO         2052    .ARM.Collect$$rtexit$$00000004  c_w.l(rtexit2.o)
    0x08000252   0x08000252   0x00000002   PAD
    0x08000254   0x08000254   0x00000040   Code   RO            4    .text               startup_stm32l476xx.o
    0x08000294   0x08000294   0x000000f0   Code   RO         1894    .text               c_w.l(lludivv7m.o)
    0x08000384   0x08000384   0x0000008a   Code   RO         1896    .text               c_w.l(rt_memcpy_v6.o)
    0x0800040e   0x0800040e   0x00000010   Code   RO         1900    .text               c_w.l(aeabi_memset4.o)
    0x0800041e   0x0800041e   0x00000044   Code   RO         1902    .text               c_w.l(rt_memclr.o)
    0x08000462   0x08000462   0x0000004e   Code   RO         1904    .text               c_w.l(rt_memclr_w.o)
    0x080004b0   0x080004b0   0x00000006   Code   RO         1906    .text               c_w.l(heapauxi.o)
    0x080004b6   0x080004b6   0x00000064   Code   RO         1929    .text               c_w.l(rt_memcpy_w.o)
    0x0800051a   0x0800051a   0x00000002   PAD
    0x0800051c   0x0800051c   0x00000008   Code   RO         1973    .text               c_w.l(libspace.o)
    0x08000524   0x08000524   0x0000004a   Code   RO         1976    .text               c_w.l(sys_stackheap_outer.o)
    0x0800056e   0x0800056e   0x00000012   Code   RO         1978    .text               c_w.l(exit.o)
    0x08000580   0x08000580   0x0000000c   Code   RO         2045    .text               c_w.l(sys_exit.o)
    0x0800058c   0x0800058c   0x00000002   Code   RO         2068    .text               c_w.l(use_no_semi.o)
    0x0800058e   0x0800058e   0x00000000   Code   RO         2070    .text               c_w.l(indicate_semi.o)
    0x0800058e   0x0800058e   0x00000002   PAD
    0x08000590   0x08000590   0x00000190   Code   RO          433    .text.ADC_ConversionStop  stm32l4xx_hal_adc.o
    0x08000720   0x08000720   0x000000f6   Code   RO          441    .text.ADC_Enable    stm32l4xx_hal_adc.o
    0x08000816   0x08000816   0x00000002   PAD
    0x08000818   0x08000818   0x000000e8   Code   RO         1865    .text.App_RTOS_Init  app_task.o
    0x08000900   0x08000900   0x00000002   Code   RO           40    .text.BusFault_Handler  stm32l4xx_it.o
    0x08000902   0x08000902   0x00000002   PAD
    0x08000904   0x08000904   0x000000b8   Code   RO         1867    .text.Control_Task  app_task.o
    0x080009bc   0x080009bc   0x00000002   Code   RO           44    .text.DebugMon_Handler  stm32l4xx_it.o
    0x080009be   0x080009be   0x00000002   PAD
    0x080009c0   0x080009c0   0x000000e8   Code   RO         1871    .text.Display_Task  app_task.o
    0x08000aa8   0x08000aa8   0x00000006   Code   RO           46    .text.EXTI2_IRQHandler  stm32l4xx_it.o
    0x08000aae   0x08000aae   0x00000002   PAD
    0x08000ab0   0x08000ab0   0x0000000a   Code   RO           15    .text.Error_Handler  main.o
    0x08000aba   0x08000aba   0x00000002   PAD
    0x08000abc   0x08000abc   0x000000d0   Code   RO          535    .text.HAL_ADCEx_MultiModeConfigChannel  stm32l4xx_hal_adc_ex.o
    0x08000b8c   0x08000b8c   0x0000036c   Code   RO          475    .text.HAL_ADC_ConfigChannel  stm32l4xx_hal_adc.o
    0x08000ef8   0x08000ef8   0x00000006   Code   RO          463    .text.HAL_ADC_GetValue  stm32l4xx_hal_adc.o
    0x08000efe   0x08000efe   0x00000002   PAD
    0x08000f00   0x08000f00   0x000001ea   Code   RO          427    .text.HAL_ADC_Init  stm32l4xx_hal_adc.o
    0x080010ea   0x080010ea   0x00000002   PAD
    0x080010ec   0x080010ec   0x000000aa   Code   RO           61    .text.HAL_ADC_MspInit  stm32l4xx_hal_msp.o
    0x08001196   0x08001196   0x00000002   PAD
    0x08001198   0x08001198   0x00000162   Code   RO          445    .text.HAL_ADC_PollForConversion  stm32l4xx_hal_adc.o
    0x080012fa   0x080012fa   0x00000002   PAD
    0x080012fc   0x080012fc   0x000000e4   Code   RO          439    .text.HAL_ADC_Start  stm32l4xx_hal_adc.o
    0x080013e0   0x080013e0   0x000000b4   Code   RO          443    .text.HAL_ADC_Stop  stm32l4xx_hal_adc.o
    0x08001494   0x08001494   0x00000054   Code   RO          987    .text.HAL_DMA_Abort  stm32l4xx_hal_dma.o
    0x080014e8   0x080014e8   0x00000054   Code   RO          989    .text.HAL_DMA_Abort_IT  stm32l4xx_hal_dma.o
    0x0800153c   0x0800153c   0x0000003a   Code   RO         1875    .text.HAL_GPIO_EXTI_Callback  app_task.o
    0x08001576   0x08001576   0x00000002   PAD
    0x08001578   0x08001578   0x00000016   Code   RO          793    .text.HAL_GPIO_EXTI_IRQHandler  stm32l4xx_hal_gpio.o
    0x0800158e   0x0800158e   0x00000002   PAD
    0x08001590   0x08001590   0x000001e0   Code   RO          781    .text.HAL_GPIO_Init  stm32l4xx_hal_gpio.o
    0x08001770   0x08001770   0x0000000a   Code   RO          785    .text.HAL_GPIO_ReadPin  stm32l4xx_hal_gpio.o
    0x0800177a   0x0800177a   0x00000002   PAD
    0x0800177c   0x0800177c   0x00000010   Code   RO          789    .text.HAL_GPIO_TogglePin  stm32l4xx_hal_gpio.o
    0x0800178c   0x0800178c   0x0000000c   Code   RO          787    .text.HAL_GPIO_WritePin  stm32l4xx_hal_gpio.o
    0x08001798   0x08001798   0x0000000c   Code   RO          565    .text.HAL_GetTick   stm32l4xx_hal.o
    0x080017a4   0x080017a4   0x0000004a   Code   RO          959    .text.HAL_I2CEx_ConfigAnalogFilter  stm32l4xx_hal_i2c_ex.o
    0x080017ee   0x080017ee   0x00000002   PAD
    0x080017f0   0x080017f0   0x00000048   Code   RO          961    .text.HAL_I2CEx_ConfigDigitalFilter  stm32l4xx_hal_i2c_ex.o
    0x08001838   0x08001838   0x000000b0   Code   RO          805    .text.HAL_I2C_Init  stm32l4xx_hal_i2c.o
    0x080018e8   0x080018e8   0x0000023e   Code   RO          863    .text.HAL_I2C_Mem_Write  stm32l4xx_hal_i2c.o
    0x08001b26   0x08001b26   0x00000002   PAD
    0x08001b28   0x08001b28   0x00000094   Code   RO           65    .text.HAL_I2C_MspInit  stm32l4xx_hal_msp.o
    0x08001bbc   0x08001bbc   0x0000001a   Code   RO          563    .text.HAL_IncTick   stm32l4xx_hal.o
    0x08001bd6   0x08001bd6   0x00000002   PAD
    0x08001bd8   0x08001bd8   0x0000001e   Code   RO          553    .text.HAL_Init      stm32l4xx_hal.o
    0x08001bf6   0x08001bf6   0x00000002   PAD
    0x08001bf8   0x08001bf8   0x000000b2   Code   RO           87    .text.HAL_InitTick  stm32l4xx_hal_timebase_tim.o
    0x08001caa   0x08001caa   0x00000002   PAD
    0x08001cac   0x08001cac   0x00000032   Code   RO           59    .text.HAL_MspInit   stm32l4xx_hal_msp.o
    0x08001cde   0x08001cde   0x00000002   PAD
    0x08001ce0   0x08001ce0   0x00000022   Code   RO         1146    .text.HAL_NVIC_EnableIRQ  stm32l4xx_hal_cortex.o
    0x08001d02   0x08001d02   0x00000002   PAD
    0x08001d04   0x08001d04   0x00000056   Code   RO         1144    .text.HAL_NVIC_SetPriority  stm32l4xx_hal_cortex.o
    0x08001d5a   0x08001d5a   0x00000002   PAD
    0x08001d5c   0x08001d5c   0x00000020   Code   RO         1142    .text.HAL_NVIC_SetPriorityGrouping  stm32l4xx_hal_cortex.o
    0x08001d7c   0x08001d7c   0x0000008c   Code   RO         1054    .text.HAL_PWREx_ControlVoltageScaling  stm32l4xx_hal_pwr_ex.o
    0x08001e08   0x08001e08   0x00000010   Code   RO         1052    .text.HAL_PWREx_GetVoltageRange  stm32l4xx_hal_pwr_ex.o
    0x08001e18   0x08001e18   0x000003e0   Code   RO          669    .text.HAL_RCCEx_PeriphCLKConfig  stm32l4xx_hal_rcc_ex.o
    0x080021f8   0x080021f8   0x0000023e   Code   RO          639    .text.HAL_RCC_ClockConfig  stm32l4xx_hal_rcc.o
    0x08002436   0x08002436   0x00000002   PAD
    0x08002438   0x08002438   0x00000042   Code   RO          651    .text.HAL_RCC_GetClockConfig  stm32l4xx_hal_rcc.o
    0x0800247a   0x0800247a   0x00000002   PAD
    0x0800247c   0x0800247c   0x0000002a   Code   RO          645    .text.HAL_RCC_GetPCLK1Freq  stm32l4xx_hal_rcc.o
    0x080024a6   0x080024a6   0x00000002   PAD
    0x080024a8   0x080024a8   0x0000002a   Code   RO          647    .text.HAL_RCC_GetPCLK2Freq  stm32l4xx_hal_rcc.o
    0x080024d2   0x080024d2   0x00000002   PAD
    0x080024d4   0x080024d4   0x000000c6   Code   RO          637    .text.HAL_RCC_GetSysClockFreq  stm32l4xx_hal_rcc.o
    0x0800259a   0x0800259a   0x00000002   PAD
    0x0800259c   0x0800259c   0x00000798   Code   RO          635    .text.HAL_RCC_OscConfig  stm32l4xx_hal_rcc.o
    0x08002d34   0x08002d34   0x00000002   Code   RO          413    .text.HAL_TIMEx_Break2Callback  stm32l4xx_hal_tim_ex.o
    0x08002d36   0x08002d36   0x00000002   PAD
    0x08002d38   0x08002d38   0x00000002   Code   RO          411    .text.HAL_TIMEx_BreakCallback  stm32l4xx_hal_tim_ex.o
    0x08002d3a   0x08002d3a   0x00000002   PAD
    0x08002d3c   0x08002d3c   0x00000002   Code   RO          407    .text.HAL_TIMEx_CommutCallback  stm32l4xx_hal_tim_ex.o
    0x08002d3e   0x08002d3e   0x00000002   PAD
    0x08002d40   0x08002d40   0x000000c6   Code   RO          397    .text.HAL_TIMEx_MasterConfigSynchronization  stm32l4xx_hal_tim_ex.o
    0x08002e06   0x08002e06   0x00000002   PAD
    0x08002e08   0x08002e08   0x00000062   Code   RO          102    .text.HAL_TIM_Base_Init  stm32l4xx_hal_tim.o
    0x08002e6a   0x08002e6a   0x00000002   PAD
    0x08002e6c   0x08002e6c   0x0000002a   Code   RO           69    .text.HAL_TIM_Base_MspInit  stm32l4xx_hal_msp.o
    0x08002e96   0x08002e96   0x00000002   PAD
    0x08002e98   0x08002e98   0x000000ae   Code   RO          116    .text.HAL_TIM_Base_Start_IT  stm32l4xx_hal_tim.o
    0x08002f46   0x08002f46   0x00000002   PAD
    0x08002f48   0x08002f48   0x000001cc   Code   RO          282    .text.HAL_TIM_ConfigClockSource  stm32l4xx_hal_tim.o
    0x08003114   0x08003114   0x00000002   Code   RO          238    .text.HAL_TIM_IC_CaptureCallback  stm32l4xx_hal_tim.o
    0x08003116   0x08003116   0x00000002   PAD
    0x08003118   0x08003118   0x0000016c   Code   RO          236    .text.HAL_TIM_IRQHandler  stm32l4xx_hal_tim.o
    0x08003284   0x08003284   0x00000052   Code   RO           71    .text.HAL_TIM_MspPostInit  stm32l4xx_hal_msp.o
    0x080032d6   0x080032d6   0x00000002   PAD
    0x080032d8   0x080032d8   0x00000002   Code   RO          240    .text.HAL_TIM_OC_DelayElapsedCallback  stm32l4xx_hal_tim.o
    0x080032da   0x080032da   0x00000002   PAD
    0x080032dc   0x080032dc   0x000003a4   Code   RO          256    .text.HAL_TIM_PWM_ConfigChannel  stm32l4xx_hal_tim.o
    0x08003680   0x08003680   0x00000062   Code   RO          156    .text.HAL_TIM_PWM_Init  stm32l4xx_hal_tim.o
    0x080036e2   0x080036e2   0x00000002   PAD
    0x080036e4   0x080036e4   0x00000002   Code   RO          158    .text.HAL_TIM_PWM_MspInit  stm32l4xx_hal_tim.o
    0x080036e6   0x080036e6   0x00000002   PAD
    0x080036e8   0x080036e8   0x00000002   Code   RO          242    .text.HAL_TIM_PWM_PulseFinishedCallback  stm32l4xx_hal_tim.o
    0x080036ea   0x080036ea   0x00000002   PAD
    0x080036ec   0x080036ec   0x000001aa   Code   RO          164    .text.HAL_TIM_PWM_Start  stm32l4xx_hal_tim.o
    0x08003896   0x08003896   0x00000002   PAD
    0x08003898   0x08003898   0x00000014   Code   RO           19    .text.HAL_TIM_PeriodElapsedCallback  main.o
    0x080038ac   0x080038ac   0x00000002   Code   RO          246    .text.HAL_TIM_TriggerCallback  stm32l4xx_hal_tim.o
    0x080038ae   0x080038ae   0x00000002   PAD
    0x080038b0   0x080038b0   0x00000002   Code   RO         1304    .text.HAL_UARTEx_RxEventCallback  stm32l4xx_hal_uart.o
    0x080038b2   0x080038b2   0x00000002   PAD
    0x080038b4   0x080038b4   0x00000002   Code   RO         1355    .text.HAL_UARTEx_WakeupCallback  stm32l4xx_hal_uart_ex.o
    0x080038b6   0x080038b6   0x00000002   PAD
    0x080038b8   0x080038b8   0x00000002   Code   RO         1302    .text.HAL_UART_ErrorCallback  stm32l4xx_hal_uart.o
    0x080038ba   0x080038ba   0x00000002   PAD
    0x080038bc   0x080038bc   0x000005fc   Code   RO         1298    .text.HAL_UART_IRQHandler  stm32l4xx_hal_uart.o
    0x08003eb8   0x08003eb8   0x00000060   Code   RO         1218    .text.HAL_UART_Init  stm32l4xx_hal_uart.o
    0x08003f18   0x08003f18   0x0000009e   Code   RO           75    .text.HAL_UART_MspInit  stm32l4xx_hal_msp.o
    0x08003fb6   0x08003fb6   0x00000002   PAD
    0x08003fb8   0x08003fb8   0x00000160   Code   RO         1238    .text.HAL_UART_Transmit  stm32l4xx_hal_uart.o
    0x08004118   0x08004118   0x00000002   Code   RO         1306    .text.HAL_UART_TxCpltCallback  stm32l4xx_hal_uart.o
    0x0800411a   0x0800411a   0x00000002   PAD
    0x0800411c   0x0800411c   0x00000002   Code   RO           36    .text.HardFault_Handler  stm32l4xx_it.o
    0x0800411e   0x0800411e   0x00000002   PAD
    0x08004120   0x08004120   0x0000001c   Code   RO         1873    .text.Heartbeat_Task  app_task.o
    0x0800413c   0x0800413c   0x0000015c   Code   RO          949    .text.I2C_IsErrorOccurred  stm32l4xx_hal_i2c.o
    0x08004298   0x08004298   0x000000e4   Code   RO          815    .text.I2C_WaitOnFlagUntilTimeout  stm32l4xx_hal_i2c.o
    0x0800437c   0x0800437c   0x0000007c   Code   RO          819    .text.I2C_WaitOnSTOPFlagUntilTimeout  stm32l4xx_hal_i2c.o
    0x080043f8   0x080043f8   0x00000098   Code   RO          817    .text.I2C_WaitOnTXISFlagUntilTimeout  stm32l4xx_hal_i2c.o
    0x08004490   0x08004490   0x00000002   Code   RO           38    .text.MemManage_Handler  stm32l4xx_it.o
    0x08004492   0x08004492   0x00000002   PAD
    0x08004494   0x08004494   0x00000002   Code   RO           34    .text.NMI_Handler   stm32l4xx_it.o
    0x08004496   0x08004496   0x00000002   PAD
    0x08004498   0x08004498   0x00000004   Code   RO         1788    .text.OLED_Init     servosg90.o
    0x0800449c   0x0800449c   0x00000032   Code   RO         1796    .text.OLED_Print_Line  servosg90.o
    0x080044ce   0x080044ce   0x00000002   PAD
    0x080044d0   0x080044d0   0x0000007a   Code   RO         1435    .text.PendSV_Handler  port.o
    0x0800454a   0x0800454a   0x00000002   PAD
    0x0800454c   0x0800454c   0x00000150   Code   RO          671    .text.RCCEx_PLLSAI1_Config  stm32l4xx_hal_rcc_ex.o
    0x0800469c   0x0800469c   0x00000130   Code   RO          673    .text.RCCEx_PLLSAI2_Config  stm32l4xx_hal_rcc_ex.o
    0x080047cc   0x080047cc   0x00000004   PAD
    0x080047d0   0x080047d0   0x0000002e   Code   RO         1431    .text.SVC_Handler   port.o
    0x080047fe   0x080047fe   0x00000002   PAD
    0x08004800   0x08004800   0x00000036   Code   RO         1869    .text.Sensor_Task   app_task.o
    0x08004836   0x08004836   0x00000002   PAD
    0x08004838   0x08004838   0x0000002e   Code   RO         1449    .text.SysTick_Handler  port.o
    0x08004866   0x08004866   0x00000002   PAD
    0x08004868   0x08004868   0x00000012   Code   RO         1385    .text.SystemInit    system_stm32l4xx.o
    0x0800487a   0x0800487a   0x00000002   PAD
    0x0800487c   0x0800487c   0x0000000c   Code   RO           50    .text.TIM6_DAC_IRQHandler  stm32l4xx_it.o
    0x08004888   0x08004888   0x0000013c   Code   RO          106    .text.TIM_Base_SetConfig  stm32l4xx_hal_tim.o
    0x080049c4   0x080049c4   0x000000e6   Code   RO         1222    .text.UART_AdvFeatureConfig  stm32l4xx_hal_uart.o
    0x08004aaa   0x08004aaa   0x00000002   PAD
    0x08004aac   0x08004aac   0x00000168   Code   RO         1226    .text.UART_CheckIdleState  stm32l4xx_hal_uart.o
    0x08004c14   0x08004c14   0x00000006   Code   RO         1300    .text.UART_DMAAbortOnError  stm32l4xx_hal_uart.o
    0x08004c1a   0x08004c1a   0x00000002   PAD
    0x08004c1c   0x08004c1c   0x00000254   Code   RO         1224    .text.UART_SetConfig  stm32l4xx_hal_uart.o
    0x08004e70   0x08004e70   0x00000340   Code   RO         1240    .text.UART_WaitOnFlagUntilTimeout  stm32l4xx_hal_uart.o
    0x080051b0   0x080051b0   0x0000000c   Code   RO           48    .text.USART2_IRQHandler  stm32l4xx_it.o
    0x080051bc   0x080051bc   0x00000002   Code   RO           42    .text.UsageFault_Handler  stm32l4xx_it.o
    0x080051be   0x080051be   0x00000002   PAD
    0x080051c0   0x080051c0   0x0000032a   Code   RO           11    .text.main          main.o
    0x080054ea   0x080054ea   0x00000002   PAD
    0x080054ec   0x080054ec   0x000000a2   Code   RO         1639    .text.prvAddCurrentTaskToDelayedList  tasks.o
    0x0800558e   0x0800558e   0x00000002   PAD
    0x08005590   0x08005590   0x00000064   Code   RO         1739    .text.prvIdleTask   tasks.o
    0x080055f4   0x080055f4   0x00000028   Code   RO         1441    .text.prvPortStartFirstTask  port.o
    0x0800561c   0x0800561c   0x0000003e   Code   RO         1429    .text.prvTaskExitError  port.o
    0x0800565a   0x0800565a   0x00000002   PAD
    0x0800565c   0x0800565c   0x00000074   Code   RO         1528    .text.prvUnlockQueue  queue.o
    0x080056d0   0x080056d0   0x000001d4   Code   RO         1401    .text.pvPortMalloc  heap_4.o
    0x080058a4   0x080058a4   0x00000024   Code   RO         1427    .text.pxPortInitialiseStack  port.o
    0x080058c8   0x080058c8   0x00000018   Code   RO         1786    .text.read_ir       servosg90.o
    0x080058e0   0x080058e0   0x00000084   Code   RO         1784    .text.read_joystick  servosg90.o
    0x08005964   0x08005964   0x00000086   Code   RO         1782    .text.read_waterlevel  servosg90.o
    0x080059ea   0x080059ea   0x00000002   PAD
    0x080059ec   0x080059ec   0x00000048   Code   RO         1774    .text.servo_angle_set  servosg90.o
    0x08005a34   0x08005a34   0x0000000e   Code   RO         1776    .text.servo_init    servosg90.o
    0x08005a42   0x08005a42   0x00000002   PAD
    0x08005a44   0x08005a44   0x0000001c   Code   RO         1821    .text.ssd1306_Fill  ssd1306_oled.o
    0x08005a60   0x08005a60   0x000002e2   Code   RO         1815    .text.ssd1306_Init  ssd1306_oled.o
    0x08005d42   0x08005d42   0x00000002   PAD
    0x08005d44   0x08005d44   0x0000000e   Code   RO         1831    .text.ssd1306_SetCursor  ssd1306_oled.o
    0x08005d52   0x08005d52   0x00000002   PAD
    0x08005d54   0x08005d54   0x000000a8   Code   RO         1823    .text.ssd1306_UpdateScreen  ssd1306_oled.o
    0x08005dfc   0x08005dfc   0x000002e6   Code   RO         1827    .text.ssd1306_WriteChar  ssd1306_oled.o
    0x080060e2   0x080060e2   0x00000002   PAD
    0x080060e4   0x080060e4   0x0000004e   Code   RO         1829    .text.ssd1306_WriteString  ssd1306_oled.o
    0x08006132   0x08006132   0x00000002   PAD
    0x08006134   0x08006134   0x000000a4   Code   RO         1723    .text.ulTaskGenericNotifyTake  tasks.o
    0x080061d8   0x080061d8   0x00000020   Code   RO         1502    .text.uxListRemove  list.o
    0x080061f8   0x080061f8   0x00000016   Code   RO         1494    .text.vListInitialise  list.o
    0x0800620e   0x0800620e   0x00000002   PAD
    0x08006210   0x08006210   0x00000006   Code   RO         1496    .text.vListInitialiseItem  list.o
    0x08006216   0x08006216   0x00000002   PAD
    0x08006218   0x08006218   0x00000062   Code   RO         1500    .text.vListInsert   list.o
    0x0800627a   0x0800627a   0x00000002   PAD
    0x0800627c   0x0800627c   0x00000014   Code   RO         1439    .text.vPortEnableVFP  port.o
    0x08006290   0x08006290   0x00000046   Code   RO         1445    .text.vPortEnterCritical  port.o
    0x080062d6   0x080062d6   0x00000002   PAD
    0x080062d8   0x080062d8   0x0000002e   Code   RO         1447    .text.vPortExitCritical  port.o
    0x08006306   0x08006306   0x00000002   PAD
    0x08006308   0x08006308   0x0000012c   Code   RO         1403    .text.vPortFree     heap_4.o
    0x08006434   0x08006434   0x00000034   Code   RO         1437    .text.vPortSetupTimerInterrupt  port.o
    0x08006468   0x08006468   0x0000005e   Code   RO         1451    .text.vPortValidateInterruptPriority  port.o
    0x080064c6   0x080064c6   0x00000002   PAD
    0x080064c8   0x080064c8   0x000000b8   Code   RO         1643    .text.vTaskDelay    tasks.o
    0x08006580   0x08006580   0x0000012a   Code   RO         1731    .text.vTaskGenericNotifyGiveFromISR  tasks.o
    0x080066aa   0x080066aa   0x00000002   PAD
    0x080066ac   0x080066ac   0x00000012   Code   RO         1697    .text.vTaskInternalSetTimeOutState  tasks.o
    0x080066be   0x080066be   0x00000002   PAD
    0x080066c0   0x080066c0   0x0000000e   Code   RO         1701    .text.vTaskMissedYield  tasks.o
    0x080066ce   0x080066ce   0x00000002   PAD
    0x080066d0   0x080066d0   0x00000036   Code   RO         1687    .text.vTaskPlaceOnEventList  tasks.o
    0x08006706   0x08006706   0x00000002   PAD
    0x08006708   0x08006708   0x00000082   Code   RO         1665    .text.vTaskStartScheduler  tasks.o
    0x0800678a   0x0800678a   0x00000002   PAD
    0x0800678c   0x0800678c   0x00000010   Code   RO         1637    .text.vTaskSuspendAll  tasks.o
    0x0800679c   0x0800679c   0x0000006e   Code   RO         1659    .text.vTaskSwitchContext  tasks.o
    0x0800680a   0x0800680a   0x00000002   PAD
    0x0800680c   0x0800680c   0x00000206   Code   RO         1433    .text.xPortStartScheduler  port.o
    0x08006a12   0x08006a12   0x00000002   PAD
    0x08006a14   0x08006a14   0x0000008e   Code   RO         1514    .text.xQueueGenericCreate  queue.o
    0x08006aa2   0x08006aa2   0x00000002   PAD
    0x08006aa4   0x08006aa4   0x000002a6   Code   RO         1520    .text.xQueueGenericSend  queue.o
    0x08006d4a   0x08006d4a   0x00000002   PAD
    0x08006d4c   0x08006d4c   0x00000228   Code   RO         1534    .text.xQueueReceive  queue.o
    0x08006f74   0x08006f74   0x0000009a   Code   RO         1699    .text.xTaskCheckForTimeOut  tasks.o
    0x0800700e   0x0800700e   0x00000002   PAD
    0x08007010   0x08007010   0x00000218   Code   RO         1631    .text.xTaskCreate   tasks.o
    0x08007228   0x08007228   0x00000184   Code   RO         1669    .text.xTaskIncrementTick  tasks.o
    0x080073ac   0x080073ac   0x000000ce   Code   RO         1715    .text.xTaskPriorityDisinherit  tasks.o
    0x0800747a   0x0800747a   0x00000002   PAD
    0x0800747c   0x0800747c   0x000000e2   Code   RO         1691    .text.xTaskRemoveFromEventList  tasks.o
    0x0800755e   0x0800755e   0x00000002   PAD
    0x08007560   0x08007560   0x00000142   Code   RO         1641    .text.xTaskResumeAll  tasks.o
    0x080076a2   0x080076a2   0x0000001a   Code   RO         2062    x$fpl$fpinit        fz_wm.l(fpinit.o)
    0x080076bc   0x080076bc   0x00000010   Data   RO         1390    .rodata.AHBPrescTable  system_stm32l4xx.o
    0x080076cc   0x080076cc   0x00000008   Data   RO         1391    .rodata.APBPrescTable  system_stm32l4xx.o
    0x080076d4   0x080076d4   0x000005f0   Data   RO         1756    .rodata.Font6x8     fonts.o
    0x08007cc4   0x08007cc4   0x0000000c   Data   RO         1757    .rodata.Font_6x8    fonts.o
    0x08007cd0   0x08007cd0   0x00000030   Data   RO         1392    .rodata.MSIRangeTable  system_stm32l4xx.o
    0x08007d00   0x08007d00   0x00000010   Data   RO         1344    .rodata.cst16       stm32l4xx_hal_uart.o
    0x08007d10   0x08007d10   0x0000008f   Data   RO         1881    .rodata.str1.1      app_task.o
    0x08007d9f   0x08007d9f   0x00000001   PAD
    0x08007da0   0x08007da0   0x00000004   Data   RO         1743    .rodata.uxTopUsedPriority  tasks.o
    0x08007da4   0x08007da4   0x00000030   Data   RO         2123    Region$$Table       anon$$obj.o


    Execution Region RW_IRAM2 (Exec base: 0x10000000, Load base: 0x08007dd8, Size: 0x00000d90, Max: 0x00008000, ABSOLUTE)

    Exec Addr    Load Addr    Size         Type   Attr      Idx    E Section Name        Object

    0x10000000   0x08007dd8   0x00000008   Data   RW          624    .data..L_MergedGlobals  stm32l4xx_hal.o
    0x10000008   0x08007de0   0x00000004   Data   RW         1389    .data.SystemCoreClock  system_stm32l4xx.o
    0x1000000c   0x08007de4   0x00000004   Data   RW         1453    .data.uxCriticalNesting  port.o
    0x10000010        -       0x00000060   Zero   RW         1974    .bss                c_w.l(libspace.o)
    0x10000070        -       0x0000001c   Zero   RW         1418    .bss..L_MergedGlobals  heap_4.o
    0x1000008c        -       0x00000008   Zero   RW         1454    .bss..L_MergedGlobals  port.o
    0x10000094        -       0x00000074   Zero   RW         1745    .bss..L_MergedGlobals  tasks.o
    0x10000108        -       0x00000006   Zero   RW         1856    .bss..L_MergedGlobals  ssd1306_oled.o
    0x1000010e   0x08007de8   0x00000002   PAD
    0x10000110        -       0x0000000c   Zero   RW         1884    .bss..L_MergedGlobals  app_task.o
    0x1000011c        -       0x00000028   Zero   RW         1746    .bss..L_MergedGlobals.2  tasks.o
    0x10000144        -       0x00000400   Zero   RW         1855    .bss.SSD1306_Buffer  ssd1306_oled.o
    0x10000544        -       0x00000064   Zero   RW           22    .bss.hadc1          main.o
    0x100005a8        -       0x00000054   Zero   RW           21    .bss.hi2c1          main.o
    0x100005fc        -       0x0000004c   Zero   RW           23    .bss.htim2          main.o
    0x10000648        -       0x0000004c   Zero   RW           93    .bss.htim6          stm32l4xx_hal_timebase_tim.o
    0x10000694        -       0x00000088   Zero   RW           24    .bss.huart2         main.o
    0x1000071c        -       0x00000004   Zero   RW         1741    .bss.pxCurrentTCB   tasks.o
    0x10000720        -       0x00000064   Zero   RW         1742    .bss.pxReadyTasksLists  tasks.o
    0x10000784        -       0x00000004   Zero   RW          623    .bss.uwTick         stm32l4xx_hal.o
    0x10000788        -       0x00000002   Zero   RW         1798    .bss.watersensor_adc  servosg90.o
    0x1000078a   0x08007de8   0x00000006   PAD
    0x10000790        -       0x00000200   Zero   RW            2    HEAP                startup_stm32l476xx.o
    0x10000990        -       0x00000400   Zero   RW            1    STACK               startup_stm32l476xx.o


    Execution Region RW_IRAM1 (Exec base: 0x20000000, Load base: 0x08007dd4, Size: 0x00012c00, Max: 0x00018000, ABSOLUTE)

    Exec Addr    Load Addr    Size         Type   Attr      Idx    E Section Name        Object

    0x20000000        -       0x00012c00   Zero   RW         1417    .bss.ucHeap         heap_4.o


==============================================================================

Image component sizes


      Code (inc. data)   RO Data    RW Data    ZI Data      Debug   Object Name

       788         60        143          0         12       9051   app_task.o
         0          0       1532          0          0       1200   fonts.o
       768          0          0          0      76828       6132   heap_4.o
       158          0          0          0          0       2252   list.o
       840          0          0          0        396      17143   main.o
      1152         16          0          4          8       4720   port.o
      1488          0          0          0          0      26831   queue.o
       430         12          0          0          2       7413   servosg90.o
      1768          0          0          0       1030      23914   ssd1306_oled.o
        64         26        392          0       1536        864   startup_stm32l476xx.o
        68          0          0          8          4       8934   stm32l4xx_hal.o
      2780         16          0          0          0      27748   stm32l4xx_hal_adc.o
       208          0          0          0          0      22075   stm32l4xx_hal_adc_ex.o
       152          0          0          0          0      10668   stm32l4xx_hal_cortex.o
       168          0          0          0          0       7574   stm32l4xx_hal_dma.o
       540          0          0          0          0       5341   stm32l4xx_hal_gpio.o
      1602          0          0          0          0      61963   stm32l4xx_hal_i2c.o
       146          0          0          0          0       6053   stm32l4xx_hal_i2c_ex.o
       650          0          0          0          0      15417   stm32l4xx_hal_msp.o
       156          0          0          0          0       9746   stm32l4xx_hal_pwr_ex.o
      2866          0          0          0          0      12199   stm32l4xx_hal_rcc.o
      1632         14          0          0          0      15149   stm32l4xx_hal_rcc_ex.o
      2878         20          0          0          0      63027   stm32l4xx_hal_tim.o
       204          0          0          0          0      23739   stm32l4xx_hal_tim_ex.o
       178          0          0          0         76       7447   stm32l4xx_hal_timebase_tim.o
      4010         48         16          0          0      37027   stm32l4xx_hal_uart.o
         2          0          0          0          0       8894   stm32l4xx_hal_uart_ex.o
        42          0          0          0          0       5929   stm32l4xx_it.o
        18          0         72          4          0       2973   system_stm32l4xx.o
      3082          0          4          0        260      43258   tasks.o

    ----------------------------------------------------------------------
     29010        212       2208         16      80160     494681   Object Totals
         0          0         48          0          0          0   (incl. Generated)
       172          0          1          0          8          0   (incl. Padding)

    ----------------------------------------------------------------------

      Code (inc. data)   RO Data    RW Data    ZI Data      Debug   Library Member Name

         8          0          0          0          0         68   __main.o
         0          0          0          0          0          0   __rtentry.o
        12          0          0          0          0          0   __rtentry2.o
         6          0          0          0          0          0   __rtentry4.o
        94          8          0          0          0          0   __scatter.o
        26          0          0          0          0          0   __scatter_copy.o
        28          0          0          0          0          0   __scatter_zi.o
        16          0          0          0          0         68   aeabi_memset4.o
        18          0          0          0          0         80   exit.o
         6          0          0          0          0        152   heapauxi.o
         0          0          0          0          0          0   indicate_semi.o
         2          0          0          0          0          0   libinit.o
         6          0          0          0          0          0   libinit2.o
         2          0          0          0          0          0   libshutdown.o
         2          0          0          0          0          0   libshutdown2.o
         8          4          0          0         96         68   libspace.o
       240          0          0          0          0        100   lludivv7m.o
        68          0          0          0          0         68   rt_memclr.o
        78          0          0          0          0         80   rt_memclr_w.o
       138          0          0          0          0         68   rt_memcpy_v6.o
       100          0          0          0          0         80   rt_memcpy_w.o
         2          0          0          0          0          0   rtexit.o
        10          0          0          0          0          0   rtexit2.o
        12          4          0          0          0         68   sys_exit.o
        74          0          0          0          0         80   sys_stackheap_outer.o
         2          0          0          0          0         68   use_no_semi.o
        26          0          0          0          0        116   fpinit.o

    ----------------------------------------------------------------------
       994         16          0          0         96       1164   Library Totals
        10          0          0          0          0          0   (incl. Padding)

    ----------------------------------------------------------------------

      Code (inc. data)   RO Data    RW Data    ZI Data      Debug   Library Name

       958         16          0          0         96       1048   c_w.l
        26          0          0          0          0        116   fz_wm.l

    ----------------------------------------------------------------------
       994         16          0          0         96       1164   Library Totals

    ----------------------------------------------------------------------

==============================================================================


      Code (inc. data)   RO Data    RW Data    ZI Data      Debug   

     30004        228       2208         16      80256     494905   Grand Totals
     30004        228       2208         16      80256     494905   ELF Image Totals
     30004        228       2208         16          0          0   ROM Totals

==============================================================================

    Total RO  Size (Code + RO Data)                32212 (  31.46kB)
    Total RW  Size (RW Data + ZI Data)             80272 (  78.39kB)
    Total ROM Size (Code + RO Data + RW Data)      32228 (  31.47kB)

==============================================================================

